Header:   Class:      ELFCLASS64
          Data:       ELFDATA2MSB
          OSABI:      ELFOSABI_SYSV
          ABIVersion: 0
          Type:       ET_REL
          Machine:    EM_PPC64
          Entry:      0x0000000000000000
          PhOff:      0x0000000000000000
          ShOff:      0x0000000000000498
          Flags:      0x00000001
          PhEntSize:  0x0000
          PhNum:      0
          ShEntSize:  0x0040
          ShNum:      17
          ShStrNdx:   16
Sections: - N:         0
            Name:      0
            Type:      SHT_NULL
            Flags:     0x0000000000000000
            Addr:      0x0000000000000000
            Offset:    0x0000000000000000
            Size:      0x0000000000000000
            Link:      0
            Info:      0
            AddrAlign: 0x0000000000000000
            EntSize:   0x0000000000000000
          - N:         1
            Name:      27
            Type:      SHT_NOTE
            Flags:     0x0000000000000002
            Addr:      0x0000000000000000
            Offset:    0x0000000000000040
            Size:      0x0000000000000020
            Link:      0
            Info:      0
            AddrAlign: 0x0000000000000004
            EntSize:   0x0000000000000000
          - N:         2
            Name:      46
            Type:      SHT_PROGBITS
            Flags:     0x0000000000000006
            Addr:      0x0000000000000000
            Offset:    0x0000000000000060
            Size:      0x000000000000003c
            Link:      0
            Info:      0
            AddrAlign: 0x0000000000000004
            EntSize:   0x0000000000000000
          - N:         3
            Name:      41
            Type:      SHT_RELA
            Flags:     0x0000000000000040
            Addr:      0x0000000000000000
            Offset:    0x0000000000000350
            Size:      0x0000000000000030
            Link:      14
            Info:      2
            AddrAlign: 0x0000000000000008
            EntSize:   0x0000000000000018
          - N:         4
            Name:      52
            Type:      SHT_PROGBITS
            Flags:     0x0000000000000012
            Addr:      0x0000000000000000
            Offset:    0x000000000000009c
            Size:      0x0000000000000004
            Link:      0
            Info:      0
            AddrAlign: 0x0000000000000004
            EntSize:   0x0000000000000004
          - N:         5
            Name:      70
            Type:      SHT_PROGBITS
            Flags:     0x0000000000000003
            Addr:      0x0000000000000000
            Offset:    0x00000000000000a0
            Size:      0x0000000000000018
            Link:      0
            Info:      0
            AddrAlign: 0x0000000000000008
            EntSize:   0x0000000000000000
          - N:         6
            Name:      65
            Type:      SHT_RELA
            Flags:     0x0000000000000040
            Addr:      0x0000000000000000
            Offset:    0x0000000000000380
            Size:      0x0000000000000030
            Link:      14
            Info:      5
            AddrAlign: 0x0000000000000008
            EntSize:   0x0000000000000018
          - N:         7
            Name:      80
            Type:      SHT_PROGBITS
            Flags:     0x0000000000000003
            Addr:      0x0000000000000000
            Offset:    0x00000000000000b8
            Size:      0x0000000000000008
            Link:      0
            Info:      0
            AddrAlign: 0x0000000000000008
            EntSize:   0x0000000000000000
          - N:         8
            Name:      75
            Type:      SHT_RELA
            Flags:     0x0000000000000040
            Addr:      0x0000000000000000
            Offset:    0x00000000000003b0
            Size:      0x0000000000000018
            Link:      14
            Info:      7
            AddrAlign: 0x0000000000000008
            EntSize:   0x0000000000000018
          - N:         9
            Name:      85
            Type:      SHT_PROGBITS
            Flags:     0x0000000000000003
            Addr:      0x0000000000000000
            Offset:    0x00000000000000c0
            Size:      0x0000000000000004
            Link:      0
            Info:      0
            AddrAlign: 0x0000000000000001
            EntSize:   0x0000000000000000
          - N:         10
            Name:      96
            Type:      SHT_PROGBITS
            Flags:     0x0000000000000003
            Addr:      0x0000000000000000
            Offset:    0x00000000000000c8
            Size:      0x0000000000000020
            Link:      0
            Info:      0
            AddrAlign: 0x0000000000000008
            EntSize:   0x0000000000000000
          - N:         11
            Name:      91
            Type:      SHT_RELA
            Flags:     0x0000000000000040
            Addr:      0x0000000000000000
            Offset:    0x00000000000003c8
            Size:      0x0000000000000048
            Link:      14
            Info:      10
            AddrAlign: 0x0000000000000008
            EntSize:   0x0000000000000018
          - N:         12
            Name:      115
            Type:      SHT_NOBITS
            Flags:     0x0000000000000003
            Addr:      0x0000000000000000
            Offset:    0x00000000000000e8
            Size:      0x0000000000000000
            Link:      0
            Info:      0
            AddrAlign: 0x0000000000000001
            EntSize:   0x0000000000000000
          - N:         13
            Name:      120
            Type:      SHT_PROGBITS
            Flags:     0x0000000000000030
            Addr:      0x0000000000000000
            Offset:    0x00000000000000e8
            Size:      0x0000000000000063
            Link:      0
            Info:      0
            AddrAlign: 0x0000000000000001
            EntSize:   0x0000000000000001
          - N:         14
            Name:      1
            Type:      SHT_SYMTAB
            Flags:     0x0000000000000000
            Addr:      0x0000000000000000
            Offset:    0x0000000000000150
            Size:      0x00000000000001b0
            Link:      15
            Info:      10
            AddrAlign: 0x0000000000000008
            EntSize:   0x0000000000000018
          - N:         15
            Name:      9
            Type:      SHT_STRTAB
            Flags:     0x0000000000000000
            Addr:      0x0000000000000000
            Offset:    0x0000000000000300
            Size:      0x000000000000004f
            Link:      0
            Info:      0
            AddrAlign: 0x0000000000000001
            EntSize:   0x0000000000000000
          - N:         16
            Name:      17
            Type:      SHT_STRTAB
            Flags:     0x0000000000000000
            Addr:      0x0000000000000000
            Offset:    0x0000000000000410
            Size:      0x0000000000000081
            Link:      0
            Info:      0
            AddrAlign: 0x0000000000000001
            EntSize:   0x0000000000000000
Segments: 