┎ 0x00000000 H
┖ 0x0000003f
╓ 0x00000040 S1 ".text" SHT_PROGBITS [SHF_ALLOC,SHF_EXECINSTR]
╙ 0x0000006f
- 0x00000070 S3 ".data" SHT_PROGBITS [SHF_WRITE,SHF_ALLOC]
- 0x00000070 S4 ".bss" SHT_NOBITS [SHF_WRITE,SHF_ALLOC]
╓ 0x00000070 S5 ".opd" SHT_PROGBITS [SHF_WRITE,SHF_ALLOC]
╙ 0x00000087
╓ 0x00000088 S7 ".comment" SHT_PROGBITS [SHF_EXT 16,SHF_EXT 32]
╙ 0x000000a8
╓ 0x000000ac S8 ".eh_frame" SHT_PROGBITS [SHF_ALLOC]
╙ 0x000000df
╓ 0x000000e0 S10 ".symtab" SHT_SYMTAB []
╙ 0x000001b7
╓ 0x000001b8 S11 ".strtab" SHT_STRTAB []
╙ 0x000001c1
╓ 0x000001c8 S2 ".rela.text" SHT_RELA [SHF_EXT 64]
╙ 0x000001df
╓ 0x000001e0 S6 ".rela.opd" SHT_RELA [SHF_EXT 64]
╙ 0x0000020f
╓ 0x00000210 S9 ".rela.eh_frame" SHT_RELA [SHF_EXT 64]
╙ 0x00000227
╓ 0x00000228 S12 ".shstrtab" SHT_STRTAB []
╙ 0x0000027a
┎ 0x00000280 ST (13)
┖ 0x000005bf