<>
<.bss>
<.data>
<.dynamic>
<.dynstr>
<.dynsym>
<.eh_frame>
<.eh_frame_hdr>
<.fini>
<.fini_array>
<.gnu.hash>
<.gnu.version>
<.gnu.version_r>
<.got>
<.init>
<.init_array>
<.opd>
<.rela.dyn>
<.rela.plt>
<.rodata>
<.shstrtab>
<.text>