   - 0x00000000 P PT_EXT 1685382481 [PF_W,PF_R]
 ┌── 0x00000000 P PT_LOAD [PF_X,PF_R]
 │ ┎ 0x00000000 H
 │ ┖ 0x00000033
 │┌─ 0x00000034 P PT_PHDR [PF_X,PF_R]
 ││┎ 0x00000034 PT (9)
 ││┖ 0x00000153
 │└─ 0x00000153
 │┌─ 0x00000154 P PT_INTERP [PF_R]
 ││╓ 0x00000154 S1 ".interp" SHT_PROGBITS [SHF_ALLOC]
 ││╙ 0x0000016c
 │└─ 0x0000016c
 │┌─ 0x00000170 P PT_NOTE [PF_R]
 ││╓ 0x00000170 S2 ".note.ABI-tag" SHT_NOTE [SHF_ALLOC]
 ││╙ 0x0000018f
 ││╓ 0x00000190 S3 ".note.gnu.build-id" SHT_NOTE [SHF_ALLOC]
 ││╙ 0x000001b3
 │└─ 0x000001b3
 │ ╓ 0x000001b4 S4 ".gnu.hash" SHT_EXT 1879048182 [SHF_ALLOC]
 │ ╙ 0x000005b7
 │ ╓ 0x000005b8 S5 ".dynsym" SHT_DYNSYM [SHF_ALLOC]
 │ ╙ 0x00000b17
 │ ╓ 0x00000b18 S6 ".dynstr" SHT_STRTAB [SHF_ALLOC]
 │ ╙ 0x00000ec9
 │ ╓ 0x00000eca S7 ".gnu.version" SHT_EXT 1879048191 [SHF_ALLOC]
 │ ╙ 0x00000f75
 │ ╓ 0x00000f78 S8 ".gnu.version_r" SHT_EXT 1879048190 [SHF_ALLOC]
 │ ╙ 0x00000fd7
 │ ╓ 0x00000fd8 S9 ".rel.dyn" SHT_REL [SHF_ALLOC]
 │ ╙ 0x00001017
 │ ╓ 0x00001018 S10 ".rel.plt" SHT_REL [SHF_ALLOC,SHF_EXT 64]
 │ ╙ 0x0000122f
 │ ╓ 0x00001230 S11 ".init" SHT_PROGBITS [SHF_ALLOC,SHF_EXECINSTR]
 │ ╙ 0x0000123b
 │ ╓ 0x0000123c S12 ".plt" SHT_PROGBITS [SHF_ALLOC,SHF_EXECINSTR]
 │ ╙ 0x00001573
 │ ╓ 0x00001578 S13 ".text" SHT_PROGBITS [SHF_ALLOC,SHF_EXECINSTR]
 │ ╙ 0x00008b9b
 │ ╓ 0x00008b9c S14 ".fini" SHT_PROGBITS [SHF_ALLOC,SHF_EXECINSTR]
 │ ╙ 0x00008ba3
 │ ╓ 0x00008ba4 S15 ".rodata" SHT_PROGBITS [SHF_ALLOC]
 │ ╙ 0x00009ba3
 │┌─ 0x00009ba4 P PT_EXT 1879048193 [PF_R]
 ││╓ 0x00009ba4 S16 ".ARM.exidx" SHT_EXT 1879048193 [SHF_ALLOC,SHF_EXT 128]
 ││╙ 0x00009bc3
 │└─ 0x00009bc3
 │ ╓ 0x00009bc4 S17 ".eh_frame" SHT_PROGBITS [SHF_ALLOC]
 │ ╙ 0x00009bc7
 └── 0x00009bc7
┌─── 0x00009efc P PT_LOAD [PF_W,PF_R]
│┌── 0x00009efc P PT_EXT 1685382482 [PF_R]
││ ╓ 0x00009efc S18 ".init_array" SHT_EXT 14 [SHF_WRITE,SHF_ALLOC]
││ ╙ 0x00009eff
││ ╓ 0x00009f00 S19 ".fini_array" SHT_EXT 15 [SHF_WRITE,SHF_ALLOC]
││ ╙ 0x00009f03
││ ╓ 0x00009f04 S20 ".jcr" SHT_PROGBITS [SHF_WRITE,SHF_ALLOC]
││ ╙ 0x00009f07
││┌─ 0x00009f08 P PT_DYNAMIC [PF_W,PF_R]
│││╓ 0x00009f08 S21 ".dynamic" SHT_DYNAMIC [SHF_WRITE,SHF_ALLOC]
│││╙ 0x00009fff
││└─ 0x00009fff
│└── 0x00009fff
│  ╓ 0x0000a000 S22 ".got" SHT_PROGBITS [SHF_WRITE,SHF_ALLOC]
│  ╙ 0x0000a11f
│  ╓ 0x0000a120 S23 ".data" SHT_PROGBITS [SHF_WRITE,SHF_ALLOC]
│  ╙ 0x0000a173
└─── 0x0000a173
   - 0x0000a174 S24 ".bss" SHT_NOBITS [SHF_WRITE,SHF_ALLOC]
   ╓ 0x0000a174 S25 ".comment" SHT_PROGBITS [SHF_EXT 16,SHF_EXT 32]
   ╙ 0x0000a1ae
   ╓ 0x0000a1af S26 ".ARM.attributes" SHT_EXT 1879048195 []
   ╙ 0x0000a1e1
   ╓ 0x0000a1e2 S27 ".shstrtab" SHT_STRTAB []
   ╙ 0x0000a2db
   ┎ 0x0000a2dc ST (28)
   ┖ 0x0000a73b