Header:   Class:      ELFCLASS64
          Data:       ELFDATA2LSB
          OSABI:      ELFOSABI_SYSV
          ABIVersion: 0
          Type:       ET_DYN
          Machine:    EM_EXT 243
          Entry:      0x0000000000007f00
          PhOff:      0x0000000000000040
          ShOff:      0x0000000000027808
          Flags:      0x00000005
          PhEntSize:  0x0038
          PhNum:      5
          ShEntSize:  0x0040
          ShNum:      21
          ShStrNdx:   20
Sections: - N:         0
            Name:      0
            Type:      SHT_NULL
            Flags:     0x0000000000000000
            Addr:      0x0000000000000000
            Offset:    0x0000000000000000
            Size:      0x0000000000000000
            Link:      0
            Info:      0
            AddrAlign: 0x0000000000000000
            EntSize:   0x0000000000000000
          - N:         1
            Name:      28
            Type:      SHT_NOTE
            Flags:     0x0000000000000002
            Addr:      0x0000000000000158
            Offset:    0x0000000000000158
            Size:      0x0000000000000024
            Link:      0
            Info:      0
            AddrAlign: 0x0000000000000004
            EntSize:   0x0000000000000000
          - N:         2
            Name:      57
            Type:      SHT_EXT 1879048182
            Flags:     0x0000000000000002
            Addr:      0x0000000000000180
            Offset:    0x0000000000000180
            Size:      0x000000000000070c
            Link:      3
            Info:      0
            AddrAlign: 0x0000000000000008
            EntSize:   0x0000000000000000
          - N:         3
            Name:      82
            Type:      SHT_DYNSYM
            Flags:     0x0000000000000002
            Addr:      0x0000000000000890
            Offset:    0x0000000000000890
            Size:      0x0000000000001740
            Link:      4
            Info:      2
            AddrAlign: 0x0000000000000008
            EntSize:   0x0000000000000018
          - N:         4
            Name:      141
            Type:      SHT_STRTAB
            Flags:     0x0000000000000002
            Addr:      0x0000000000001fd0
            Offset:    0x0000000000001fd0
            Size:      0x0000000000000b78
            Link:      0
            Info:      0
            AddrAlign: 0x0000000000000001
            EntSize:   0x0000000000000000
          - N:         5
            Name:      90
            Type:      SHT_EXT 1879048191
            Flags:     0x0000000000000002
            Addr:      0x0000000000002b48
            Offset:    0x0000000000002b48
            Size:      0x00000000000001f0
            Link:      3
            Info:      0
            AddrAlign: 0x0000000000000002
            EntSize:   0x0000000000000002
          - N:         6
            Name:      126
            Type:      SHT_EXT 1879048190
            Flags:     0x0000000000000002
            Addr:      0x0000000000002d38
            Offset:    0x0000000000002d38
            Size:      0x0000000000000080
            Link:      4
            Info:      4
            AddrAlign: 0x0000000000000008
            EntSize:   0x0000000000000000
          - N:         7
            Name:      103
            Type:      SHT_RELA
            Flags:     0x0000000000000002
            Addr:      0x0000000000002db8
            Offset:    0x0000000000002db8
            Size:      0x0000000000002f40
            Link:      3
            Info:      0
            AddrAlign: 0x0000000000000008
            EntSize:   0x0000000000000018
          - N:         8
            Name:      154
            Type:      SHT_RELA
            Flags:     0x0000000000000042
            Addr:      0x0000000000005cf8
            Offset:    0x0000000000005cf8
            Size:      0x0000000000001458
            Link:      3
            Info:      17
            AddrAlign: 0x0000000000000008
            EntSize:   0x0000000000000018
          - N:         9
            Name:      159
            Type:      SHT_PROGBITS
            Flags:     0x0000000000000006
            Addr:      0x0000000000007150
            Offset:    0x0000000000007150
            Size:      0x0000000000000db0
            Link:      0
            Info:      0
            AddrAlign: 0x0000000000000010
            EntSize:   0x0000000000000010
          - N:         10
            Name:      169
            Type:      SHT_PROGBITS
            Flags:     0x0000000000000006
            Addr:      0x0000000000007f00
            Offset:    0x0000000000007f00
            Size:      0x000000000001947a
            Link:      0
            Info:      0
            AddrAlign: 0x0000000000000002
            EntSize:   0x0000000000000000
          - N:         11
            Name:      1
            Type:      SHT_PROGBITS
            Flags:     0x0000000000000002
            Addr:      0x0000000000021380
            Offset:    0x0000000000021380
            Size:      0x0000000000003f40
            Link:      0
            Info:      0
            AddrAlign: 0x0000000000000008
            EntSize:   0x0000000000000000
          - N:         12
            Name:      47
            Type:      SHT_PROGBITS
            Flags:     0x0000000000000002
            Addr:      0x00000000000252c0
            Offset:    0x00000000000252c0
            Size:      0x0000000000000004
            Link:      0
            Info:      0
            AddrAlign: 0x0000000000000004
            EntSize:   0x0000000000000000
          - N:         13
            Name:      187
            Type:      SHT_EXT 14
            Flags:     0x0000000000000003
            Addr:      0x0000000000026d38
            Offset:    0x0000000000025d38
            Size:      0x0000000000000008
            Link:      0
            Info:      0
            AddrAlign: 0x0000000000000008
            EntSize:   0x0000000000000008
          - N:         14
            Name:      175
            Type:      SHT_EXT 15
            Flags:     0x0000000000000003
            Addr:      0x0000000000026d40
            Offset:    0x0000000000025d40
            Size:      0x0000000000000008
            Link:      0
            Info:      0
            AddrAlign: 0x0000000000000008
            EntSize:   0x0000000000000008
          - N:         15
            Name:      113
            Type:      SHT_PROGBITS
            Flags:     0x0000000000000003
            Addr:      0x0000000000026d48
            Offset:    0x0000000000025d48
            Size:      0x00000000000010d8
            Link:      0
            Info:      0
            AddrAlign: 0x0000000000000008
            EntSize:   0x0000000000000000
          - N:         16
            Name:      19
            Type:      SHT_DYNAMIC
            Flags:     0x0000000000000003
            Addr:      0x0000000000027e20
            Offset:    0x0000000000026e20
            Size:      0x00000000000001e0
            Link:      4
            Info:      0
            AddrAlign: 0x0000000000000008
            EntSize:   0x0000000000000010
          - N:         17
            Name:      164
            Type:      SHT_PROGBITS
            Flags:     0x0000000000000003
            Addr:      0x0000000000028000
            Offset:    0x0000000000027000
            Size:      0x0000000000000728
            Link:      0
            Info:      0
            AddrAlign: 0x0000000000000008
            EntSize:   0x0000000000000008
          - N:         18
            Name:      149
            Type:      SHT_NOBITS
            Flags:     0x0000000000000003
            Addr:      0x0000000000028728
            Offset:    0x0000000000027728
            Size:      0x0000000000000008
            Link:      0
            Info:      0
            AddrAlign: 0x0000000000000001
            EntSize:   0x0000000000000000
          - N:         19
            Name:      67
            Type:      SHT_PROGBITS
            Flags:     0x0000000000000000
            Addr:      0x0000000000000000
            Offset:    0x0000000000027728
            Size:      0x0000000000000018
            Link:      0
            Info:      0
            AddrAlign: 0x0000000000000004
            EntSize:   0x0000000000000000
          - N:         20
            Name:      9
            Type:      SHT_STRTAB
            Flags:     0x0000000000000000
            Addr:      0x0000000000000000
            Offset:    0x0000000000027740
            Size:      0x00000000000000c7
            Link:      0
            Info:      0
            AddrAlign: 0x0000000000000001
            EntSize:   0x0000000000000000
Segments: - N:        0
            Type:     PT_LOAD
            Flags:    0x00000005
            Offset:   0x0000000000000000
            VirtAddr: 0x0000000000000000
            PhysAddr: 0x0000000000000000
            FileSize: 0x00000000000252c4
            MemSize:  0x00000000000252c4
            Align:    0x0000000000001000
          - N:        1
            Type:     PT_LOAD
            Flags:    0x00000006
            Offset:   0x0000000000025d38
            VirtAddr: 0x0000000000026d38
            PhysAddr: 0x0000000000026d38
            FileSize: 0x00000000000019f0
            MemSize:  0x00000000000019f8
            Align:    0x0000000000001000
          - N:        2
            Type:     PT_DYNAMIC
            Flags:    0x00000006
            Offset:   0x0000000000026e20
            VirtAddr: 0x0000000000027e20
            PhysAddr: 0x0000000000027e20
            FileSize: 0x00000000000001e0
            MemSize:  0x00000000000001e0
            Align:    0x0000000000000008
          - N:        3
            Type:     PT_NOTE
            Flags:    0x00000004
            Offset:   0x0000000000000158
            VirtAddr: 0x0000000000000158
            PhysAddr: 0x0000000000000158
            FileSize: 0x0000000000000024
            MemSize:  0x0000000000000024
            Align:    0x0000000000000004
          - N:        4
            Type:     PT_EXT 1685382482
            Flags:    0x00000004
            Offset:   0x0000000000025d38
            VirtAddr: 0x0000000000026d38
            PhysAddr: 0x0000000000026d38
            FileSize: 0x00000000000012c8
            MemSize:  0x00000000000012c8
            Align:    0x0000000000000001