<>
<.bss>
<.data.rel.ro>
<.dynamic>
<.dynstr>
<.dynsym>
<.eh_frame>
<.fini_array>
<.gnu.hash>
<.gnu.version>
<.gnu.version_r>
<.gnu_debuglink>
<.got>
<.init_array>
<.note.gnu.build-id>
<.rela.dyn>
<.rela.plt>
<.rodata>
<.shstrtab>
<.text>