<>
<.bss>
<.comment>
<.data>
<.data.rel.ro>
<.dynamic>
<.dynstr>
<.dynsym>
<.eh_frame>
<.eh_frame_hdr>
<.fini>
<.fini_array>
<.gnu.hash>
<.gnu.version>
<.gnu.version_r>
<.got>
<.init>
<.init_array>
<.interp>
<.note.ABI-tag>
<.note.gnu.build-id>
<.rela.dyn>
<.rela.plt>
<.rodata>
<.shstrtab>
<.text>