header {
    Class:      ELFCLASS64
    Data:       ELFDATA2LSB
    OSABI:      ELFOSABI_SYSV
    ABIVersion: 0
    Type:       ET_REL
    Machine:    EM_EXT 183
    Entry:      0x0000000000000000
    Flags:      0x00000000
}
section 1 ".text" {
    Type:      SHT_PROGBITS
    Flags:     0x0000000000000006
    Addr:      0x0000000000000000
    AddrAlign: 0x0000000000000001
    EntSize:   0x0000000000000000
    Data:      
}
section 2 ".data" {
    Type:      SHT_PROGBITS
    Flags:     0x0000000000000003
    Addr:      0x0000000000000000
    AddrAlign: 0x0000000000000001
    EntSize:   0x0000000000000000
    Data:      
}
section 3 ".bss" {
    Type:      SHT_NOBITS
    Flags:     0x0000000000000003
    Addr:      0x0000000000000000
    AddrAlign: 0x0000000000000001
    EntSize:   0x0000000000000000
    Data:      
}
section 4 ".init" {
    Type:      SHT_PROGBITS
    Flags:     0x0000000000000006
    Addr:      0x0000000000000000
    AddrAlign: 0x0000000000000004
    EntSize:   0x0000000000000000
    Data:      fd 7b c1 a8 c0 03 5f d6                         # .{...._.
}
section 5 ".fini" {
    Type:      SHT_PROGBITS
    Flags:     0x0000000000000006
    Addr:      0x0000000000000000
    AddrAlign: 0x0000000000000004
    EntSize:   0x0000000000000000
    Data:      fd 7b c1 a8 c0 03 5f d6                         # .{...._.
}
section 6 ".note.GNU-stack" {
    Type:      SHT_PROGBITS
    Flags:     0x0000000000000000
    Addr:      0x0000000000000000
    AddrAlign: 0x0000000000000001
    EntSize:   0x0000000000000000
    Data:      
}
symbol table section 7 ".symtab" {
    Type:  SHT_SYMTAB
    Flags: 0x0000000000000000
    Data:  
        symbol "" {
            Bind:  STB_Local
            Type:  STT_NoType
            ShNdx: SHN_Undef
            Value: 0x0000000000000000
            Size:  0x0000000000000000
        }
        symbol "" {
            Bind:  STB_Local
            Type:  STT_Section
            ShNdx: SHN_EXT 1
            Value: 0x0000000000000000
            Size:  0x0000000000000000
        }
        ...
        symbol "" {
            Bind:  STB_Local
            Type:  STT_Section
            ShNdx: SHN_EXT 6
            Value: 0x0000000000000000
            Size:  0x0000000000000000
        }
        total: 9
}
section 8 ".strtab" {
    Type:      SHT_STRTAB
    Flags:     0x0000000000000000
    Addr:      0x0000000000000000
    AddrAlign: 0x0000000000000001
    EntSize:   0x0000000000000000
    Data:      00 24 78 00                                     # .$x.
}
string table section 9 ".shstrtab"
section table