   - 0x00000000 P PT_EXT 1685382481 [PF_W,PF_R]
 ┌── 0x00000000 P PT_LOAD [PF_X,PF_R]
 │ ┎ 0x00000000 H
 │ ┖ 0x0000003f
 │ ┎ 0x00000040 PT (8)
 │ ┖ 0x000001ff
 │┌─ 0x00000200 P PT_NOTE [PF_R]
 ││╓ 0x00000200 S1 ".note.gnu.build-id" SHT_NOTE [SHF_ALLOC]
 ││╙ 0x00000223
 │└─ 0x00000223
 │ ╓ 0x00000228 S2 ".gnu.hash" SHT_EXT 1879048182 [SHF_ALLOC]
 │ ╙ 0x000007c7
 │ ╓ 0x000007c8 S3 ".dynsym" SHT_DYNSYM [SHF_ALLOC]
 │ ╙ 0x000017b7
 │ ╓ 0x000017b8 S4 ".dynstr" SHT_STRTAB [SHF_ALLOC]
 │ ╙ 0x0000203c
 │ ╓ 0x0000203e S5 ".gnu.version" SHT_EXT 1879048191 [SHF_ALLOC]
 │ ╙ 0x00002191
 │ ╓ 0x00002198 S6 ".gnu.version_d" SHT_EXT 1879048189 [SHF_ALLOC]
 │ ╙ 0x000022ef
 │ ╓ 0x000022f0 S7 ".gnu.version_r" SHT_EXT 1879048190 [SHF_ALLOC]
 │ ╙ 0x0000232f
 │ ╓ 0x00002330 S8 ".rela.dyn" SHT_RELA [SHF_ALLOC]
 │ ╙ 0x0000307f
 │ ╓ 0x00003080 S9 ".rela.plt" SHT_RELA [SHF_ALLOC,SHF_EXT 64]
 │ ╙ 0x000030af
 │ ╓ 0x000030b0 S10 ".init" SHT_PROGBITS [SHF_ALLOC,SHF_EXECINSTR]
 │ ╙ 0x000030c3
 │ ╓ 0x000030d0 S11 ".plt" SHT_PROGBITS [SHF_ALLOC,SHF_EXECINSTR]
 │ ╙ 0x0000311f
 │ ╓ 0x00003120 S12 ".text" SHT_PROGBITS [SHF_ALLOC,SHF_EXECINSTR]
 │ ╙ 0x00013e53
 │ ╓ 0x00013e54 S13 ".fini" SHT_PROGBITS [SHF_ALLOC,SHF_EXECINSTR]
 │ ╙ 0x00013e63
 │ ╓ 0x00013e68 S14 ".rodata" SHT_PROGBITS [SHF_ALLOC]
 │ ╙ 0x00015487
 │┌─ 0x00015488 P PT_EXT 1685382480 [PF_R]
 ││╓ 0x00015488 S15 ".eh_frame_hdr" SHT_PROGBITS [SHF_ALLOC]
 ││╙ 0x00015b2b
 │└─ 0x00015b2b
 │ ╓ 0x00015b30 S16 ".eh_frame" SHT_PROGBITS [SHF_ALLOC]
 │ ╙ 0x00018aeb
 └── 0x00018aeb
   - 0x00019910 P PT_EXT 7 [PF_R]
   - 0x00019910 S17 ".tbss" SHT_NOBITS [SHF_WRITE,SHF_ALLOC,SHF_EXT 1024]
┌─── 0x00019910 P PT_LOAD [PF_W,PF_R]
│┌── 0x00019910 P PT_EXT 1685382482 [PF_R]
││ ╓ 0x00019910 S18 ".init_array" SHT_EXT 14 [SHF_WRITE,SHF_ALLOC]
││ ╙ 0x00019917
││ ╓ 0x00019918 S19 ".fini_array" SHT_EXT 15 [SHF_WRITE,SHF_ALLOC]
││ ╙ 0x0001991f
││ ╓ 0x00019920 S20 ".data.rel.ro" SHT_PROGBITS [SHF_WRITE,SHF_ALLOC]
││ ╙ 0x00019acf
││┌─ 0x00019ad0 P PT_DYNAMIC [PF_W,PF_R]
│││╓ 0x00019ad0 S21 ".dynamic" SHT_DYNAMIC [SHF_WRITE,SHF_ALLOC]
│││╙ 0x00019d1f
││└─ 0x00019d1f
││ ╓ 0x00019d20 S22 ".got" SHT_PROGBITS [SHF_WRITE,SHF_ALLOC]
││ ╙ 0x00019fff
│└── 0x00019fff
│  ╓ 0x0001a000 S23 ".data" SHT_PROGBITS [SHF_WRITE,SHF_ALLOC]
│  ╙ 0x0001a007
└─── 0x0001a007
   - 0x0001a008 S24 ".bss" SHT_NOBITS [SHF_WRITE,SHF_ALLOC]
   ╓ 0x0001a008 S25 ".comment" SHT_PROGBITS [SHF_EXT 16,SHF_EXT 32]
   ╙ 0x0001a042
   ╓ 0x0001a043 S26 ".shstrtab" SHT_STRTAB []
   ╙ 0x0001a138
   ┎ 0x0001a140 ST (27)
   ┖ 0x0001a7ff