header {
    Class:      ELFCLASS64
    Data:       ELFDATA2LSB
    OSABI:      ELFOSABI_SYSV
    ABIVersion: 0
    Type:       ET_REL
    Machine:    EM_AARCH64
    Entry:      0x0000000000000000
    Flags:      0x00000000
}
section 1 ".text" {
    Type:      SHT_PROGBITS
    Flags:     [SHF_ALLOC,SHF_EXECINSTR]
    Addr:      0x0000000000000000
    AddrAlign: 0x0000000000000008
    EntSize:   0x0000000000000000
    Info:      0x00000000
    Link:      0x00000000
    Data:      00 1c 00 12 01 84 01 51 21 1c 00 12 3f 14 00 71 # .......Q!...?..q
               09 01 00 54 01 04 01 51 02 dc 00 51 21 1c 00 12 # ...T...Q...Q!...
               ...
               f3 53 41 a9 f5 13 40 f9 fd 7b c3 a8 c0 03 5f d6 # .SA...@..{...._.
               total: 244
}
section 3 ".data" {
    Type:      SHT_PROGBITS
    Flags:     [SHF_WRITE,SHF_ALLOC]
    Addr:      0x0000000000000000
    AddrAlign: 0x0000000000000001
    EntSize:   0x0000000000000000
    Info:      0x00000000
    Link:      0x00000000
    Data:      
}
section 4 ".bss" {
    Type:      SHT_NOBITS
    Flags:     [SHF_WRITE,SHF_ALLOC]
    Addr:      0x0000000000000000
    AddrAlign: 0x0000000000000008
    EntSize:   0x0000000000000000
    Info:      0x00000000
    Link:      0x00000000
    Data:      NoBits: 28
}
section 5 ".text.startup" {
    Type:      SHT_PROGBITS
    Flags:     [SHF_ALLOC,SHF_EXECINSTR]
    Addr:      0x0000000000000000
    AddrAlign: 0x0000000000000008
    EntSize:   0x0000000000000000
    Info:      0x00000000
    Link:      0x00000000
    Data:      fd 7b be a9 22 02 80 52 00 00 80 52 fd 03 00 91 # .{.."..R...R....
               f3 0b 00 f9 13 00 00 90 73 02 00 91 e1 03 13 aa # ........s.......
               ...
               00 00 80 52 f3 0b 40 f9 fd 7b c2 a8 c0 03 5f d6 # ...R..@..{...._.
               total: 108
}
section 7 ".comment" {
    Type:      SHT_PROGBITS
    Flags:     [ElfSectionFlag 16,ElfSectionFlag 32]
    Addr:      0x0000000000000000
    AddrAlign: 0x0000000000000001
    EntSize:   0x0000000000000001
    Info:      0x00000000
    Link:      0x00000000
    Data:      00 47 43 43 3a 20 28 47 4e 55 29 20 39 2e 33 2e # .GCC: (GNU) 9.3.
               30 00                                           # 0.
}
section 8 ".note.GNU-stack" {
    Type:      SHT_PROGBITS
    Flags:     []
    Addr:      0x0000000000000000
    AddrAlign: 0x0000000000000001
    EntSize:   0x0000000000000000
    Info:      0x00000000
    Link:      0x00000000
    Data:      
}
section 9 ".eh_frame" {
    Type:      SHT_PROGBITS
    Flags:     [SHF_ALLOC]
    Addr:      0x0000000000000000
    AddrAlign: 0x0000000000000008
    EntSize:   0x0000000000000000
    Info:      0x00000000
    Link:      0x00000000
    Data:      10 00 00 00 00 00 00 00 01 7a 52 00 04 78 1e 01 # .........zR..x..
               1b 0c 1f 00 10 00 00 00 18 00 00 00 00 00 00 00 # ................
               ...
               44 93 02 55 de dd d3 0e 00 00 00 00 00 00 00 00 # D..U............
               total: 184
}
symbol table section 11 ".symtab" {
    Type:      SHT_SYMTAB
    Flags:     []
    Addr:      0x0000000000000000
    AddrAlign: 0x0000000000000008
    EntSize:   0x0000000000000018
    Info:      0x00000010
    Link:      0x0000000c
    Data:      
        symbol "" {
            Bind:  STB_Local
            Type:  STT_NoType
            ShNdx: SHN_Undef
            Value: 0x0000000000000000
            Size:  0x0000000000000000
        }
        symbol "test_bss.c" {
            Bind:  STB_Local
            Type:  STT_File
            ShNdx: SHN_Abs
            Value: 0x0000000000000000
            Size:  0x0000000000000000
        }
        ...
        symbol "write" {
            Bind:  STB_Global
            Type:  STT_NoType
            ShNdx: SHN_Undef
            Value: 0x0000000000000000
            Size:  0x0000000000000000
        }
        total: 23
}
section 12 ".strtab" {
    Type:      SHT_STRTAB
    Flags:     []
    Addr:      0x0000000000000000
    AddrAlign: 0x0000000000000001
    EntSize:   0x0000000000000000
    Info:      0x00000000
    Link:      0x00000000
    Data:      00 74 65 73 74 5f 62 73 73 2e 63 00 24 78 00 24 # .test_bss.c.$x.$
               64 00 61 72 72 00 61 00 62 00 63 68 61 72 5f 74 # d.arr.a.b.char_t
               ...
               6d 61 69 6e 00 72 65 61 64 00 77 72 69 74 65 00 # main.read.write.
               total: 91
}
section 2 ".rela.text" {
    Type:      SHT_RELA
    Flags:     [ElfSectionFlag 64]
    Addr:      0x0000000000000000
    AddrAlign: 0x0000000000000008
    EntSize:   0x0000000000000018
    Info:      0x00000001
    Link:      0x0000000b
    Data:      0x0000000000000080 0x0000000000000000 R_AARCH64_CALL26 16 ("char_to_int" bind: STB_Global type: STT_Func sindex: ElfSectionIndex 1 value: 0x0000000000000000 size: 0x0000000000000038)
               0x00000000000000d0 0x0000000000000000 R_AARCH64_CALL26 17 ("int_to_char" bind: STB_Global type: STT_Func sindex: ElfSectionIndex 1 value: 0x0000000000000038 size: 0x0000000000000020)
}
section 6 ".rela.text.startup" {
    Type:      SHT_RELA
    Flags:     [ElfSectionFlag 64]
    Addr:      0x0000000000000000
    AddrAlign: 0x0000000000000008
    EntSize:   0x0000000000000018
    Info:      0x00000005
    Link:      0x0000000b
    Data:      0x0000000000000014 0x0000000000000000 R_AARCH64_ADR_PREL_PG_HI21 4 ("" bind: STB_Local type: STT_Section sindex: ElfSectionIndex 4 value: 0x0000000000000000 size: 0x0000000000000000)
               0x0000000000000018 0x0000000000000000 R_AARCH64_ADD_ABS_LO12_NC 4 ("" bind: STB_Local type: STT_Section sindex: ElfSectionIndex 4 value: 0x0000000000000000 size: 0x0000000000000000)
               ...
               0x0000000000000058 0x0000000000000000 R_AARCH64_CALL26 22 ("write" bind: STB_Global type: STT_NoType sindex: SHN_Undef value: 0x0000000000000000 size: 0x0000000000000000)
               total: 7
}
section 10 ".rela.eh_frame" {
    Type:      SHT_RELA
    Flags:     [ElfSectionFlag 64]
    Addr:      0x0000000000000000
    AddrAlign: 0x0000000000000008
    EntSize:   0x0000000000000018
    Info:      0x00000009
    Link:      0x0000000b
    Data:      0x000000000000001c 0x0000000000000000 R_AARCH64_PREL32 2 ("" bind: STB_Local type: STT_Section sindex: ElfSectionIndex 1 value: 0x0000000000000000 size: 0x0000000000000000)
               0x0000000000000030 0x0000000000000038 R_AARCH64_PREL32 2 ("" bind: STB_Local type: STT_Section sindex: ElfSectionIndex 1 value: 0x0000000000000000 size: 0x0000000000000000)
               ...
               0x0000000000000098 0x0000000000000000 R_AARCH64_PREL32 6 ("" bind: STB_Local type: STT_Section sindex: ElfSectionIndex 5 value: 0x0000000000000000 size: 0x0000000000000000)
               total: 5
}
string table section 13 ".shstrtab"
raw align {
    Offset: 0x0000000000000000
    Align:  0x0000000000000008
}
section table