Header:   Class:      ELFCLASS64
          Data:       ELFDATA2LSB
          OSABI:      ELFOSABI_SYSV
          ABIVersion: 0
          Type:       ET_REL
          Machine:    EM_X86_64
          Entry:      0x0000000000000000
          PhOff:      0x0000000000000000
          ShOff:      0x00000000000033d0
          Flags:      0x00000000
          PhEntSize:  0x0000
          PhNum:      0
          ShEntSize:  0x0040
          ShNum:      26
          ShStrNdx:   25
Sections: - N:         0
            Name:      0
            Type:      SHT_NULL
            Flags:     0x0000000000000000
            Addr:      0x0000000000000000
            Offset:    0x0000000000000000
            Size:      0x0000000000000000
            Link:      0
            Info:      0
            AddrAlign: 0x0000000000000000
            EntSize:   0x0000000000000000
          - N:         1
            Name:      27
            Type:      SHT_NOTE
            Flags:     0x0000000000000002
            Addr:      0x0000000000000000
            Offset:    0x0000000000000040
            Size:      0x0000000000000024
            Link:      0
            Info:      0
            AddrAlign: 0x0000000000000004
            EntSize:   0x0000000000000000
          - N:         2
            Name:      46
            Type:      SHT_NOTE
            Flags:     0x0000000000000002
            Addr:      0x0000000000000000
            Offset:    0x0000000000000064
            Size:      0x0000000000000018
            Link:      0
            Info:      0
            AddrAlign: 0x0000000000000004
            EntSize:   0x0000000000000000
          - N:         3
            Name:      63
            Type:      SHT_PROGBITS
            Flags:     0x0000000000000006
            Addr:      0x0000000000000000
            Offset:    0x0000000000000080
            Size:      0x0000000000001650
            Link:      0
            Info:      0
            AddrAlign: 0x0000000000000010
            EntSize:   0x0000000000000000
          - N:         4
            Name:      58
            Type:      SHT_RELA
            Flags:     0x0000000000000040
            Addr:      0x0000000000000000
            Offset:    0x0000000000002c10
            Size:      0x00000000000003a8
            Link:      23
            Info:      3
            AddrAlign: 0x0000000000000008
            EntSize:   0x0000000000000018
          - N:         5
            Name:      74
            Type:      SHT_PROGBITS
            Flags:     0x0000000000000006
            Addr:      0x0000000000000000
            Offset:    0x00000000000016d0
            Size:      0x0000000000000040
            Link:      0
            Info:      0
            AddrAlign: 0x0000000000000001
            EntSize:   0x0000000000000000
          - N:         6
            Name:      69
            Type:      SHT_RELA
            Flags:     0x0000000000000040
            Addr:      0x0000000000000000
            Offset:    0x0000000000002fb8
            Size:      0x0000000000000090
            Link:      23
            Info:      5
            AddrAlign: 0x0000000000000008
            EntSize:   0x0000000000000018
          - N:         7
            Name:      90
            Type:      SHT_PROGBITS
            Flags:     0x0000000000000006
            Addr:      0x0000000000000000
            Offset:    0x0000000000001710
            Size:      0x0000000000000018
            Link:      0
            Info:      0
            AddrAlign: 0x0000000000000001
            EntSize:   0x0000000000000000
          - N:         8
            Name:      85
            Type:      SHT_RELA
            Flags:     0x0000000000000040
            Addr:      0x0000000000000000
            Offset:    0x0000000000003048
            Size:      0x0000000000000048
            Link:      23
            Info:      7
            AddrAlign: 0x0000000000000008
            EntSize:   0x0000000000000018
          - N:         9
            Name:      106
            Type:      SHT_PROGBITS
            Flags:     0x0000000000000002
            Addr:      0x0000000000000000
            Offset:    0x0000000000001730
            Size:      0x0000000000000048
            Link:      0
            Info:      0
            AddrAlign: 0x0000000000000010
            EntSize:   0x0000000000000000
          - N:         10
            Name:      101
            Type:      SHT_RELA
            Flags:     0x0000000000000040
            Addr:      0x0000000000000000
            Offset:    0x0000000000003090
            Size:      0x0000000000000090
            Link:      23
            Info:      9
            AddrAlign: 0x0000000000000008
            EntSize:   0x0000000000000018
          - N:         11
            Name:      114
            Type:      SHT_PROGBITS
            Flags:     0x0000000000000012
            Addr:      0x0000000000000000
            Offset:    0x0000000000001780
            Size:      0x0000000000000020
            Link:      0
            Info:      0
            AddrAlign: 0x0000000000000010
            EntSize:   0x0000000000000020
          - N:         12
            Name:      143
            Type:      SHT_PROGBITS
            Flags:     0x0000000000000012
            Addr:      0x0000000000000000
            Offset:    0x00000000000017a0
            Size:      0x0000000000000010
            Link:      0
            Info:      0
            AddrAlign: 0x0000000000000010
            EntSize:   0x0000000000000010
          - N:         13
            Name:      179
            Type:      SHT_PROGBITS
            Flags:     0x0000000000000002
            Addr:      0x0000000000000000
            Offset:    0x00000000000017b0
            Size:      0x0000000000000040
            Link:      0
            Info:      0
            AddrAlign: 0x0000000000000001
            EntSize:   0x0000000000000000
          - N:         14
            Name:      174
            Type:      SHT_RELA
            Flags:     0x0000000000000040
            Addr:      0x0000000000000000
            Offset:    0x0000000000003120
            Size:      0x00000000000000c0
            Link:      23
            Info:      13
            AddrAlign: 0x0000000000000008
            EntSize:   0x0000000000000018
          - N:         15
            Name:      192
            Type:      SHT_PROGBITS
            Flags:     0x0000000000000002
            Addr:      0x0000000000000000
            Offset:    0x00000000000017f0
            Size:      0x0000000000000161
            Link:      0
            Info:      0
            AddrAlign: 0x0000000000000001
            EntSize:   0x0000000000000000
          - N:         16
            Name:      206
            Type:      SHT_PROGBITS
            Flags:     0x0000000000000003
            Addr:      0x0000000000000000
            Offset:    0x0000000000001960
            Size:      0x00000000000001c0
            Link:      0
            Info:      0
            AddrAlign: 0x0000000000000020
            EntSize:   0x0000000000000000
          - N:         17
            Name:      201
            Type:      SHT_RELA
            Flags:     0x0000000000000040
            Addr:      0x0000000000000000
            Offset:    0x00000000000031e0
            Size:      0x00000000000000a8
            Link:      23
            Info:      16
            AddrAlign: 0x0000000000000008
            EntSize:   0x0000000000000018
          - N:         18
            Name:      217
            Type:      SHT_PROGBITS
            Flags:     0x0000000000000003
            Addr:      0x0000000000000000
            Offset:    0x0000000000001b40
            Size:      0x0000000000000380
            Link:      0
            Info:      0
            AddrAlign: 0x0000000000000040
            EntSize:   0x0000000000000000
          - N:         19
            Name:      212
            Type:      SHT_RELA
            Flags:     0x0000000000000040
            Addr:      0x0000000000000000
            Offset:    0x0000000000003288
            Size:      0x0000000000000030
            Link:      23
            Info:      18
            AddrAlign: 0x0000000000000008
            EntSize:   0x0000000000000018
          - N:         20
            Name:      243
            Type:      SHT_NOBITS
            Flags:     0x0000000000000003
            Addr:      0x0000000000000000
            Offset:    0x0000000000001ec0
            Size:      0x0000000000000008
            Link:      0
            Info:      0
            AddrAlign: 0x0000000000000008
            EntSize:   0x0000000000000000
          - N:         21
            Name:      248
            Type:      SHT_PROGBITS
            Flags:     0x0000000000000030
            Addr:      0x0000000000000000
            Offset:    0x0000000000001ec0
            Size:      0x0000000000000026
            Link:      0
            Info:      0
            AddrAlign: 0x0000000000000001
            EntSize:   0x0000000000000001
          - N:         22
            Name:      257
            Type:      SHT_PROGBITS
            Flags:     0x0000000000000004
            Addr:      0x0000000000000000
            Offset:    0x0000000000001ee6
            Size:      0x0000000000000000
            Link:      0
            Info:      0
            AddrAlign: 0x0000000000000001
            EntSize:   0x0000000000000000
          - N:         23
            Name:      1
            Type:      SHT_SYMTAB
            Flags:     0x0000000000000000
            Addr:      0x0000000000000000
            Offset:    0x0000000000001ee8
            Size:      0x0000000000000798
            Link:      24
            Info:      49
            AddrAlign: 0x0000000000000008
            EntSize:   0x0000000000000018
          - N:         24
            Name:      9
            Type:      SHT_STRTAB
            Flags:     0x0000000000000000
            Addr:      0x0000000000000000
            Offset:    0x0000000000002680
            Size:      0x000000000000058a
            Link:      0
            Info:      0
            AddrAlign: 0x0000000000000001
            EntSize:   0x0000000000000000
          - N:         25
            Name:      17
            Type:      SHT_STRTAB
            Flags:     0x0000000000000000
            Addr:      0x0000000000000000
            Offset:    0x00000000000032b8
            Size:      0x0000000000000111
            Link:      0
            Info:      0
            AddrAlign: 0x0000000000000001
            EntSize:   0x0000000000000000
Segments: 