Header:   Class:      ELFCLASS64
          Data:       ELFDATA2LSB
          OSABI:      ELFOSABI_SYSV
          ABIVersion: 0
          Type:       ET_DYN
          Machine:    EM_X86_64
          Entry:      0x00000000000208f0
          PhOff:      0x0000000000000040
          ShOff:      0x00000000000dc310
          Flags:      0x00000000
          PhEntSize:  0x0038
          PhNum:      11
          ShEntSize:  0x0040
          ShNum:      25
          ShStrNdx:   24
Sections: - N:         0
            Name:      0
            Type:      SHT_NULL
            Flags:     0x0000000000000000
            Addr:      0x0000000000000000
            Offset:    0x0000000000000000
            Size:      0x0000000000000000
            Link:      0
            Info:      0
            AddrAlign: 0x0000000000000000
            EntSize:   0x0000000000000000
          - N:         1
            Name:      11
            Type:      SHT_PROGBITS
            Flags:     0x0000000000000002
            Addr:      0x00000000000002a8
            Offset:    0x00000000000002a8
            Size:      0x000000000000001c
            Link:      0
            Info:      0
            AddrAlign: 0x0000000000000001
            EntSize:   0x0000000000000000
          - N:         2
            Name:      19
            Type:      SHT_NOTE
            Flags:     0x0000000000000002
            Addr:      0x00000000000002c4
            Offset:    0x00000000000002c4
            Size:      0x0000000000000024
            Link:      0
            Info:      0
            AddrAlign: 0x0000000000000004
            EntSize:   0x0000000000000000
          - N:         3
            Name:      38
            Type:      SHT_NOTE
            Flags:     0x0000000000000002
            Addr:      0x00000000000002e8
            Offset:    0x00000000000002e8
            Size:      0x0000000000000020
            Link:      0
            Info:      0
            AddrAlign: 0x0000000000000004
            EntSize:   0x0000000000000000
          - N:         4
            Name:      52
            Type:      SHT_EXT 1879048182
            Flags:     0x0000000000000002
            Addr:      0x0000000000000308
            Offset:    0x0000000000000308
            Size:      0x0000000000003100
            Link:      5
            Info:      0
            AddrAlign: 0x0000000000000008
            EntSize:   0x0000000000000000
          - N:         5
            Name:      62
            Type:      SHT_DYNSYM
            Flags:     0x0000000000000002
            Addr:      0x0000000000003408
            Offset:    0x0000000000003408
            Size:      0x000000000000b220
            Link:      6
            Info:      1
            AddrAlign: 0x0000000000000008
            EntSize:   0x0000000000000018
          - N:         6
            Name:      70
            Type:      SHT_STRTAB
            Flags:     0x0000000000000002
            Addr:      0x000000000000e628
            Offset:    0x000000000000e628
            Size:      0x000000000000702c
            Link:      0
            Info:      0
            AddrAlign: 0x0000000000000001
            EntSize:   0x0000000000000000
          - N:         7
            Name:      78
            Type:      SHT_EXT 1879048191
            Flags:     0x0000000000000002
            Addr:      0x0000000000015654
            Offset:    0x0000000000015654
            Size:      0x0000000000000ed8
            Link:      5
            Info:      0
            AddrAlign: 0x0000000000000002
            EntSize:   0x0000000000000002
          - N:         8
            Name:      91
            Type:      SHT_EXT 1879048190
            Flags:     0x0000000000000002
            Addr:      0x0000000000016530
            Offset:    0x0000000000016530
            Size:      0x00000000000000b0
            Link:      6
            Info:      2
            AddrAlign: 0x0000000000000008
            EntSize:   0x0000000000000000
          - N:         9
            Name:      106
            Type:      SHT_RELA
            Flags:     0x0000000000000002
            Addr:      0x00000000000165e0
            Offset:    0x00000000000165e0
            Size:      0x0000000000008a00
            Link:      5
            Info:      0
            AddrAlign: 0x0000000000000008
            EntSize:   0x0000000000000018
          - N:         10
            Name:      116
            Type:      SHT_PROGBITS
            Flags:     0x0000000000000006
            Addr:      0x000000000001f000
            Offset:    0x000000000001f000
            Size:      0x000000000000001b
            Link:      0
            Info:      0
            AddrAlign: 0x0000000000000004
            EntSize:   0x0000000000000000
          - N:         11
            Name:      122
            Type:      SHT_PROGBITS
            Flags:     0x0000000000000006
            Addr:      0x000000000001f020
            Offset:    0x000000000001f020
            Size:      0x0000000000089a35
            Link:      0
            Info:      0
            AddrAlign: 0x0000000000000010
            EntSize:   0x0000000000000000
          - N:         12
            Name:      128
            Type:      SHT_PROGBITS
            Flags:     0x0000000000000006
            Addr:      0x00000000000a8a58
            Offset:    0x00000000000a8a58
            Size:      0x000000000000000d
            Link:      0
            Info:      0
            AddrAlign: 0x0000000000000004
            EntSize:   0x0000000000000000
          - N:         13
            Name:      134
            Type:      SHT_PROGBITS
            Flags:     0x0000000000000002
            Addr:      0x00000000000a9000
            Offset:    0x00000000000a9000
            Size:      0x0000000000018860
            Link:      0
            Info:      0
            AddrAlign: 0x0000000000000020
            EntSize:   0x0000000000000000
          - N:         14
            Name:      142
            Type:      SHT_PROGBITS
            Flags:     0x0000000000000002
            Addr:      0x00000000000c1860
            Offset:    0x00000000000c1860
            Size:      0x000000000000329c
            Link:      0
            Info:      0
            AddrAlign: 0x0000000000000004
            EntSize:   0x0000000000000000
          - N:         15
            Name:      156
            Type:      SHT_PROGBITS
            Flags:     0x0000000000000002
            Addr:      0x00000000000c4b00
            Offset:    0x00000000000c4b00
            Size:      0x0000000000011d68
            Link:      0
            Info:      0
            AddrAlign: 0x0000000000000008
            EntSize:   0x0000000000000000
          - N:         16
            Name:      166
            Type:      SHT_EXT 14
            Flags:     0x0000000000000003
            Addr:      0x00000000000d7cd0
            Offset:    0x00000000000d6cd0
            Size:      0x0000000000000008
            Link:      0
            Info:      0
            AddrAlign: 0x0000000000000008
            EntSize:   0x0000000000000008
          - N:         17
            Name:      178
            Type:      SHT_EXT 15
            Flags:     0x0000000000000003
            Addr:      0x00000000000d7cd8
            Offset:    0x00000000000d6cd8
            Size:      0x0000000000000008
            Link:      0
            Info:      0
            AddrAlign: 0x0000000000000008
            EntSize:   0x0000000000000008
          - N:         18
            Name:      190
            Type:      SHT_PROGBITS
            Flags:     0x0000000000000003
            Addr:      0x00000000000d7ce0
            Offset:    0x00000000000d6ce0
            Size:      0x0000000000001770
            Link:      0
            Info:      0
            AddrAlign: 0x0000000000000020
            EntSize:   0x0000000000000000
          - N:         19
            Name:      203
            Type:      SHT_DYNAMIC
            Flags:     0x0000000000000003
            Addr:      0x00000000000d9450
            Offset:    0x00000000000d8450
            Size:      0x00000000000001d0
            Link:      6
            Info:      0
            AddrAlign: 0x0000000000000008
            EntSize:   0x0000000000000010
          - N:         20
            Name:      212
            Type:      SHT_PROGBITS
            Flags:     0x0000000000000003
            Addr:      0x00000000000d9620
            Offset:    0x00000000000d8620
            Size:      0x00000000000009e0
            Link:      0
            Info:      0
            AddrAlign: 0x0000000000000008
            EntSize:   0x0000000000000008
          - N:         21
            Name:      217
            Type:      SHT_PROGBITS
            Flags:     0x0000000000000003
            Addr:      0x00000000000da000
            Offset:    0x00000000000d9000
            Size:      0x00000000000031d0
            Link:      0
            Info:      0
            AddrAlign: 0x0000000000000020
            EntSize:   0x0000000000000000
          - N:         22
            Name:      223
            Type:      SHT_NOBITS
            Flags:     0x0000000000000003
            Addr:      0x00000000000dd1e0
            Offset:    0x00000000000dc1d0
            Size:      0x000000000000d910
            Link:      0
            Info:      0
            AddrAlign: 0x0000000000000020
            EntSize:   0x0000000000000000
          - N:         23
            Name:      228
            Type:      SHT_PROGBITS
            Flags:     0x0000000000000030
            Addr:      0x0000000000000000
            Offset:    0x00000000000dc1d0
            Size:      0x000000000000004c
            Link:      0
            Info:      0
            AddrAlign: 0x0000000000000001
            EntSize:   0x0000000000000001
          - N:         24
            Name:      1
            Type:      SHT_STRTAB
            Flags:     0x0000000000000000
            Addr:      0x0000000000000000
            Offset:    0x00000000000dc21c
            Size:      0x00000000000000ed
            Link:      0
            Info:      0
            AddrAlign: 0x0000000000000001
            EntSize:   0x0000000000000000
Segments: - N:        0
            Type:     PT_PHDR
            Flags:    0x00000004
            Offset:   0x0000000000000040
            VirtAddr: 0x0000000000000040
            PhysAddr: 0x0000000000000040
            FileSize: 0x0000000000000268
            MemSize:  0x0000000000000268
            Align:    0x0000000000000008
          - N:        1
            Type:     PT_INTERP
            Flags:    0x00000004
            Offset:   0x00000000000002a8
            VirtAddr: 0x00000000000002a8
            PhysAddr: 0x00000000000002a8
            FileSize: 0x000000000000001c
            MemSize:  0x000000000000001c
            Align:    0x0000000000000001
          - N:        2
            Type:     PT_LOAD
            Flags:    0x00000004
            Offset:   0x0000000000000000
            VirtAddr: 0x0000000000000000
            PhysAddr: 0x0000000000000000
            FileSize: 0x000000000001efe0
            MemSize:  0x000000000001efe0
            Align:    0x0000000000001000
          - N:        3
            Type:     PT_LOAD
            Flags:    0x00000005
            Offset:   0x000000000001f000
            VirtAddr: 0x000000000001f000
            PhysAddr: 0x000000000001f000
            FileSize: 0x0000000000089a65
            MemSize:  0x0000000000089a65
            Align:    0x0000000000001000
          - N:        4
            Type:     PT_LOAD
            Flags:    0x00000004
            Offset:   0x00000000000a9000
            VirtAddr: 0x00000000000a9000
            PhysAddr: 0x00000000000a9000
            FileSize: 0x000000000002d868
            MemSize:  0x000000000002d868
            Align:    0x0000000000001000
          - N:        5
            Type:     PT_LOAD
            Flags:    0x00000006
            Offset:   0x00000000000d6cd0
            VirtAddr: 0x00000000000d7cd0
            PhysAddr: 0x00000000000d7cd0
            FileSize: 0x0000000000005500
            MemSize:  0x0000000000012e20
            Align:    0x0000000000001000
          - N:        6
            Type:     PT_DYNAMIC
            Flags:    0x00000006
            Offset:   0x00000000000d8450
            VirtAddr: 0x00000000000d9450
            PhysAddr: 0x00000000000d9450
            FileSize: 0x00000000000001d0
            MemSize:  0x00000000000001d0
            Align:    0x0000000000000008
          - N:        7
            Type:     PT_NOTE
            Flags:    0x00000004
            Offset:   0x00000000000002c4
            VirtAddr: 0x00000000000002c4
            PhysAddr: 0x00000000000002c4
            FileSize: 0x0000000000000044
            MemSize:  0x0000000000000044
            Align:    0x0000000000000004
          - N:        8
            Type:     PT_EXT 1685382480
            Flags:    0x00000004
            Offset:   0x00000000000c1860
            VirtAddr: 0x00000000000c1860
            PhysAddr: 0x00000000000c1860
            FileSize: 0x000000000000329c
            MemSize:  0x000000000000329c
            Align:    0x0000000000000004
          - N:        9
            Type:     PT_EXT 1685382481
            Flags:    0x00000006
            Offset:   0x0000000000000000
            VirtAddr: 0x0000000000000000
            PhysAddr: 0x0000000000000000
            FileSize: 0x0000000000000000
            MemSize:  0x0000000000000000
            Align:    0x0000000000000010
          - N:        10
            Type:     PT_EXT 1685382482
            Flags:    0x00000004
            Offset:   0x00000000000d6cd0
            VirtAddr: 0x00000000000d7cd0
            PhysAddr: 0x00000000000d7cd0
            FileSize: 0x0000000000002330
            MemSize:  0x0000000000002330
            Align:    0x0000000000000001