header {
    Class:      ELFCLASS64
    Data:       ELFDATA2LSB
    OSABI:      ELFOSABI_SYSV
    ABIVersion: 0
    Type:       ET_REL
    Machine:    EM_X86_64
    Entry:      0x0000000000000000
    Flags:      0x00000000
}
section 1 ".text" {
    Type:      SHT_PROGBITS
    Flags:     0x0000000000000006
    Addr:      0x0000000000000000
    AddrAlign: 0x0000000000000008
    EntSize:   0x0000000000000000
    Data:      00 00 00 00 00 00 00 00 15 00 00 00 00 00 00 00 # ................
               48 8d 45 f0 4c 39 f8 72 3f 48 83 ec 08 4c 89 e8 # H.E.L9.r?H...L..
               ...
               00 02 00 00 00 04 00 00 00 48 83 c3 05 ff 65 00 # .........H....e.
               total: 46671
}
section 3 ".data" {
    Type:      SHT_PROGBITS
    Flags:     0x0000000000000003
    Addr:      0x0000000000000000
    AddrAlign: 0x0000000000000008
    EntSize:   0x0000000000000000
    Data:      00 00 00 00 00 00 00 00 00 00 00 00 00 00 00 00 # ................
               00 00 00 00 00 00 00 00 00 00 00 00 00 00 00 00 # ................
               ...
               00 00 00 00 00 00 00 00 00 00 00 00 00 00 00 00 # ................
               total: 5120
}
section 5 ".bss" {
    Type:      SHT_NOBITS
    Flags:     0x0000000000000003
    Addr:      0x0000000000000000
    AddrAlign: 0x0000000000000001
    EntSize:   0x0000000000000000
    Data:      
}
section 6 ".rodata.str" {
    Type:      SHT_PROGBITS
    Flags:     0x0000000000000032
    Addr:      0x0000000000000000
    AddrAlign: 0x0000000000000001
    EntSize:   0x0000000000000001
    Data:      65 72 62 70 44 61 74 61 00 65 72 62 70 4e 00 65 # erbpData.erbpN.e
               72 62 70 48 65 61 64 65 72 00 65 72 62 73 4e 00 # rbpHeader.erbsN.
               ...
               64 65 72 53 65 67 6d 65 6e 74 54 61 62 6c 65 00 # derSegmentTable.
               total: 1393
}
section 7 ".note.GNU-stack" {
    Type:      SHT_PROGBITS
    Flags:     0x0000000000000000
    Addr:      0x0000000000000000
    AddrAlign: 0x0000000000000001
    EntSize:   0x0000000000000000
    Data:      
}
section 8 ".comment" {
    Type:      SHT_PROGBITS
    Flags:     0x0000000000000030
    Addr:      0x0000000000000000
    AddrAlign: 0x0000000000000001
    EntSize:   0x0000000000000001
    Data:      00 47 48 43 20 38 2e 38 2e 33 00                # .GHC 8.8.3.
}
symbol table section 9 ".symtab" {
    Type:  SHT_SYMTAB
    Flags: 0x0000000000000000
    Data:  
        symbol "" {
            Bind:  STB_Local
            Type:  STT_NoType
            ShNdx: SHN_Undef
            Value: 0x0000000000000000
            Size:  0x0000000000000000
        }
        symbol "" {
            Bind:  STB_Local
            Type:  STT_Section
            ShNdx: SHN_EXT 1
            Value: 0x0000000000000000
            Size:  0x0000000000000000
        }
        ...
        symbol "elfzm0zi31zmI4tXZZPXzzZZs0GF67yXELdbG_DataziElf_ElfRBuilderSegmentTable_closure" {
            Bind:  STB_Global
            Type:  STT_Object
            ShNdx: SHN_EXT 3
            Value: 0x00000000000013f8
            Size:  0x0000000000000000
        }
        total: 337
}
section 10 ".strtab" {
    Type:      SHT_STRTAB
    Flags:     0x0000000000000000
    Addr:      0x0000000000000000
    AddrAlign: 0x0000000000000001
    EntSize:   0x0000000000000000
    Data:      00 65 6c 66 7a 6d 30 7a 69 33 31 7a 6d 49 34 74 # .elfzm0zi31zmI4t
               58 5a 5a 50 58 7a 7a 5a 5a 73 30 47 46 36 37 79 # XZZPXzzZZs0GF67y
               ...
               6e 74 54 61 62 6c 65 5f 63 6c 6f 73 75 72 65 00 # ntTable_closure.
               total: 17408
}
section 2 ".rela.text" {
    Type:      SHT_RELA
    Flags:     0x0000000000000040
    Addr:      0x0000000000000000
    AddrAlign: 0x0000000000000008
    EntSize:   0x0000000000000018
    Data:      0c 00 00 00 00 00 00 00 02 00 00 00 02 00 00 00 # ................
               fc ff ff ff ff ff ff ff 29 00 00 00 00 00 00 00 # ........).......
               ...
               02 00 00 00 18 00 00 00 e8 ff ff ff ff ff ff ff # ................
               total: 27600
}
section 4 ".rela.data" {
    Type:      SHT_RELA
    Flags:     0x0000000000000040
    Addr:      0x0000000000000000
    AddrAlign: 0x0000000000000008
    EntSize:   0x0000000000000018
    Data:      00 00 00 00 00 00 00 00 01 00 00 00 4a 00 00 00 # ............J...
               00 00 00 00 00 00 00 00 08 00 00 00 00 00 00 00 # ................
               ...
               01 00 00 00 01 00 00 00 b0 b4 00 00 00 00 00 00 # ................
               total: 8688
}
string table section 11 ".shstrtab"
section table