┎ 0x00000000 H
┖ 0x0000003f
╓ 0x00000040 S1 ".text" SHT_PROGBITS [SHF_ALLOC,SHF_EXECINSTR]
╙ 0x0000b68e
╓ 0x0000b690 S3 ".data" SHT_PROGBITS [SHF_WRITE,SHF_ALLOC]
╙ 0x0000ca8f
- 0x0000ca90 S5 ".bss" SHT_NOBITS [SHF_WRITE,SHF_ALLOC]
╓ 0x0000ca90 S6 ".rodata.str" SHT_PROGBITS [SHF_ALLOC,SHF_EXT 16,SHF_EXT 32]
╙ 0x0000d000
- 0x0000d001 S7 ".note.GNU-stack" SHT_PROGBITS []
╓ 0x0000d001 S8 ".comment" SHT_PROGBITS [SHF_EXT 16,SHF_EXT 32]
╙ 0x0000d00b
╓ 0x0000d010 S9 ".symtab" SHT_SYMTAB []
╙ 0x0000efa7
╓ 0x0000efa8 S10 ".strtab" SHT_STRTAB []
╙ 0x000133a7
╓ 0x000133a8 S2 ".rela.text" SHT_RELA [SHF_EXT 64]
╙ 0x00019f77
╓ 0x00019f78 S4 ".rela.data" SHT_RELA [SHF_EXT 64]
╙ 0x0001c167
╓ 0x0001c168 S11 ".shstrtab" SHT_STRTAB []
╙ 0x0001c1c2
┎ 0x0001c1c8 ST (12)
┖ 0x0001c4c7