┌─ 0x00000000 P PT_LOAD [PF_X,PF_R]
│┎ 0x00000000 H
│┖ 0x0000003f
│┎ 0x00000040 PT (1)
│┖ 0x00000077
│╓ 0x00000078 R
│╙ 0x00000083
└─ 0x00000083
