┎ 0x00000000 H
┖ 0x0000003f
- 0x00000040 S1 ".text" SHT_PROGBITS [SHF_ALLOC,SHF_EXECINSTR]
- 0x00000040 S2 ".data" SHT_PROGBITS [SHF_WRITE,SHF_ALLOC]
- 0x00000040 S3 ".bss" SHT_NOBITS [SHF_WRITE,SHF_ALLOC]
╓ 0x00000040 S4 ".rodata.str1.8" SHT_PROGBITS [SHF_ALLOC,SHF_EXT 16,SHF_EXT 32]
╙ 0x00000070
╓ 0x00000078 S5 ".data.rel.ro.local" SHT_PROGBITS [SHF_WRITE,SHF_ALLOC]
╙ 0x0000011f
╓ 0x00000120 S7 ".comment" SHT_PROGBITS [SHF_EXT 16,SHF_EXT 32]
╙ 0x00000140
- 0x00000141 S8 ".note.GNU-stack" SHT_PROGBITS []
╓ 0x00000148 S9 ".symtab" SHT_SYMTAB []
╙ 0x0000024f
╓ 0x00000250 S10 ".strtab" SHT_STRTAB []
╙ 0x0000027a
╓ 0x00000280 S6 ".rela.data.rel.ro.local" SHT_RELA [SHF_EXT 64]
╙ 0x000003b7
╓ 0x000003b8 S11 ".shstrtab" SHT_STRTAB []
╙ 0x00000423
┎ 0x00000428 ST (12)
┖ 0x00000727