header {
    Class:      ELFCLASS64
    Data:       ELFDATA2LSB
    OSABI:      ELFOSABI_SYSV
    ABIVersion: 0
    Type:       ET_REL
    Machine:    EM_PPC64
    Entry:      0x0000000000000000
    Flags:      0x00000002
}
section 1 ".text" {
    Type:      SHT_PROGBITS
    Flags:     0x0000000000000006
    Addr:      0x0000000000000000
    AddrAlign: 0x0000000000000001
    EntSize:   0x0000000000000000
    Data:      
}
section 2 ".data" {
    Type:      SHT_PROGBITS
    Flags:     0x0000000000000003
    Addr:      0x0000000000000000
    AddrAlign: 0x0000000000000001
    EntSize:   0x0000000000000000
    Data:      
}
section 3 ".bss" {
    Type:      SHT_NOBITS
    Flags:     0x0000000000000003
    Addr:      0x0000000000000000
    AddrAlign: 0x0000000000000001
    EntSize:   0x0000000000000000
    Data:      
}
section 4 ".rodata.str1.8" {
    Type:      SHT_PROGBITS
    Flags:     0x0000000000000032
    Addr:      0x0000000000000000
    AddrAlign: 0x0000000000000008
    EntSize:   0x0000000000000001
    Data:      25 61 25 4e 25 66 25 4e 25 64 25 4e 25 62 25 4e # %a%N%f%N%d%N%b%N
               25 73 20 25 68 20 25 65 20 25 72 25 4e 25 43 2d # %s %h %e %r%N%C-
               ...
               7a 20 25 54 25 4e 25 63 25 4e 00 00 00 00 00 00 # z %T%N%c%N......
               total: 49
}
section 5 ".data.rel.ro.local" {
    Type:      SHT_PROGBITS
    Flags:     0x0000000000000003
    Addr:      0x0000000000000000
    AddrAlign: 0x0000000000000008
    EntSize:   0x0000000000000000
    Data:      00 00 00 00 00 00 00 00 00 00 00 00 00 00 00 00 # ................
               00 00 00 00 00 00 00 00 00 00 00 00 00 00 00 00 # ................
               ...
               00 00 00 00 00 00 00 00 00 00 00 00 00 00 00 00 # ................
               total: 168
}
section 7 ".comment" {
    Type:      SHT_PROGBITS
    Flags:     0x0000000000000030
    Addr:      0x0000000000000000
    AddrAlign: 0x0000000000000001
    EntSize:   0x0000000000000001
    Data:      00 47 43 43 3a 20 28 47 65 6e 74 6f 6f 20 39 2e # .GCC: (Gentoo 9.
               33 2e 30 2d 72 31 20 70 33 29 20 39 2e 33 2e 30 # 3.0-r1 p3) 9.3.0
               ...
               2e 30 2d 72 31 20 70 33 29 20 39 2e 33 2e 30 00 # .0-r1 p3) 9.3.0.
               total: 33
}
section 8 ".note.GNU-stack" {
    Type:      SHT_PROGBITS
    Flags:     0x0000000000000000
    Addr:      0x0000000000000000
    AddrAlign: 0x0000000000000001
    EntSize:   0x0000000000000000
    Data:      
}
symbol table section 9 ".symtab" {
    Type:  SHT_SYMTAB
    Flags: 0x0000000000000000
    Data:  
        symbol "" {
            Bind:  STB_Local
            Type:  STT_NoType
            ShNdx: SHN_Undef
            Value: 0x0000000000000000
            Size:  0x0000000000000000
        }
        symbol "" {
            Bind:  STB_Local
            Type:  STT_Section
            ShNdx: SHN_EXT 4
            Value: 0x0000000000000000
            Size:  0x0000000000000000
        }
        ...
        symbol "_nl_C_codeset" {
            Bind:  STB_Global
            Type:  STT_NoType
            ShNdx: SHN_Undef
            Value: 0x0000000000000000
            Size:  0x0000000000000000
        }
        total: 11
}
section 10 ".strtab" {
    Type:      SHT_STRTAB
    Flags:     0x0000000000000000
    Addr:      0x0000000000000000
    AddrAlign: 0x0000000000000001
    EntSize:   0x0000000000000000
    Data:      00 5f 6e 6c 5f 43 5f 4c 43 5f 41 44 44 52 45 53 # ._nl_C_LC_ADDRES
               53 00 5f 6e 6c 5f 43 5f 6e 61 6d 65 00 5f 6e 6c # S._nl_C_name._nl
               ...
               65 00 5f 6e 6c 5f 43 5f 63 6f 64 65 73 65 74 00 # e._nl_C_codeset.
               total: 43
}
section 6 ".rela.data.rel.ro.local" {
    Type:      SHT_RELA
    Flags:     0x0000000000000040
    Addr:      0x0000000000000000
    AddrAlign: 0x0000000000000008
    EntSize:   0x0000000000000018
    Data:      00 00 00 00 00 00 00 00 26 00 00 00 09 00 00 00 # ........&.......
               00 00 00 00 00 00 00 00 40 00 00 00 00 00 00 00 # ........@.......
               ...
               26 00 00 00 0a 00 00 00 00 00 00 00 00 00 00 00 # &...............
               total: 312
}
string table section 11 ".shstrtab"
section table