<>
<.bss>
<.comment>
<.data>
<.note.GNU-stack>
<.rela.data.rel.ro.local>
<.rodata.str1.8>
<.shstrtab>
<.strtab>
<.symtab>
<.text>