Header:   Class:      ELFCLASS64
          Data:       ELFDATA2LSB
          OSABI:      ELFOSABI_SYSV
          ABIVersion: 0
          Type:       ET_DYN
          Machine:    EM_PPC64
          Entry:      0x0000000000004798
          PhOff:      0x0000000000000040
          ShOff:      0x0000000000020488
          Flags:      0x00000002
          PhEntSize:  0x0038
          PhNum:      9
          ShEntSize:  0x0040
          ShNum:      26
          ShStrNdx:   25
Sections: - N:         0
            Name:      0
            Type:      SHT_NULL
            Flags:     0x0000000000000000
            Addr:      0x0000000000000000
            Offset:    0x0000000000000000
            Size:      0x0000000000000000
            Link:      0
            Info:      0
            AddrAlign: 0x0000000000000000
            EntSize:   0x0000000000000000
          - N:         1
            Name:      11
            Type:      SHT_PROGBITS
            Flags:     0x0000000000000002
            Addr:      0x0000000000000238
            Offset:    0x0000000000000238
            Size:      0x0000000000000011
            Link:      0
            Info:      0
            AddrAlign: 0x0000000000000001
            EntSize:   0x0000000000000000
          - N:         2
            Name:      19
            Type:      SHT_NOTE
            Flags:     0x0000000000000002
            Addr:      0x000000000000024c
            Offset:    0x000000000000024c
            Size:      0x0000000000000020
            Link:      0
            Info:      0
            AddrAlign: 0x0000000000000004
            EntSize:   0x0000000000000000
          - N:         3
            Name:      33
            Type:      SHT_EXT 1879048182
            Flags:     0x0000000000000002
            Addr:      0x0000000000000270
            Offset:    0x0000000000000270
            Size:      0x000000000000001c
            Link:      4
            Info:      0
            AddrAlign: 0x0000000000000008
            EntSize:   0x0000000000000000
          - N:         4
            Name:      43
            Type:      SHT_DYNSYM
            Flags:     0x0000000000000002
            Addr:      0x0000000000000290
            Offset:    0x0000000000000290
            Size:      0x0000000000000858
            Link:      5
            Info:      3
            AddrAlign: 0x0000000000000008
            EntSize:   0x0000000000000018
          - N:         5
            Name:      51
            Type:      SHT_STRTAB
            Flags:     0x0000000000000002
            Addr:      0x0000000000000ae8
            Offset:    0x0000000000000ae8
            Size:      0x00000000000003ad
            Link:      0
            Info:      0
            AddrAlign: 0x0000000000000001
            EntSize:   0x0000000000000000
          - N:         6
            Name:      59
            Type:      SHT_EXT 1879048191
            Flags:     0x0000000000000002
            Addr:      0x0000000000000e96
            Offset:    0x0000000000000e96
            Size:      0x00000000000000b2
            Link:      4
            Info:      0
            AddrAlign: 0x0000000000000002
            EntSize:   0x0000000000000002
          - N:         7
            Name:      72
            Type:      SHT_EXT 1879048190
            Flags:     0x0000000000000002
            Addr:      0x0000000000000f48
            Offset:    0x0000000000000f48
            Size:      0x0000000000000020
            Link:      5
            Info:      1
            AddrAlign: 0x0000000000000008
            EntSize:   0x0000000000000000
          - N:         8
            Name:      87
            Type:      SHT_RELA
            Flags:     0x0000000000000002
            Addr:      0x0000000000000f68
            Offset:    0x0000000000000f68
            Size:      0x0000000000000600
            Link:      4
            Info:      0
            AddrAlign: 0x0000000000000008
            EntSize:   0x0000000000000018
          - N:         9
            Name:      97
            Type:      SHT_RELA
            Flags:     0x0000000000000042
            Addr:      0x0000000000001568
            Offset:    0x0000000000001568
            Size:      0x0000000000000720
            Link:      4
            Info:      21
            AddrAlign: 0x0000000000000008
            EntSize:   0x0000000000000018
          - N:         10
            Name:      107
            Type:      SHT_PROGBITS
            Flags:     0x0000000000000006
            Addr:      0x0000000000001ca0
            Offset:    0x0000000000001ca0
            Size:      0x000000000000005c
            Link:      0
            Info:      0
            AddrAlign: 0x0000000000000020
            EntSize:   0x0000000000000000
          - N:         11
            Name:      113
            Type:      SHT_PROGBITS
            Flags:     0x0000000000000006
            Addr:      0x0000000000001d00
            Offset:    0x0000000000001d00
            Size:      0x000000000000f488
            Link:      0
            Info:      0
            AddrAlign: 0x0000000000000020
            EntSize:   0x0000000000000000
          - N:         12
            Name:      119
            Type:      SHT_PROGBITS
            Flags:     0x0000000000000006
            Addr:      0x0000000000011188
            Offset:    0x0000000000011188
            Size:      0x0000000000000024
            Link:      0
            Info:      0
            AddrAlign: 0x0000000000000004
            EntSize:   0x0000000000000000
          - N:         13
            Name:      125
            Type:      SHT_PROGBITS
            Flags:     0x0000000000000002
            Addr:      0x00000000000111b0
            Offset:    0x00000000000111b0
            Size:      0x000000000000238c
            Link:      0
            Info:      0
            AddrAlign: 0x0000000000000010
            EntSize:   0x0000000000000000
          - N:         14
            Name:      133
            Type:      SHT_PROGBITS
            Flags:     0x0000000000000002
            Addr:      0x000000000001353c
            Offset:    0x000000000001353c
            Size:      0x0000000000000464
            Link:      0
            Info:      0
            AddrAlign: 0x0000000000000004
            EntSize:   0x0000000000000000
          - N:         15
            Name:      147
            Type:      SHT_PROGBITS
            Flags:     0x0000000000000002
            Addr:      0x00000000000139a0
            Offset:    0x00000000000139a0
            Size:      0x0000000000001b08
            Link:      0
            Info:      0
            AddrAlign: 0x0000000000000004
            EntSize:   0x0000000000000000
          - N:         16
            Name:      157
            Type:      SHT_EXT 14
            Flags:     0x0000000000000003
            Addr:      0x000000000002fc00
            Offset:    0x000000000001fc00
            Size:      0x0000000000000008
            Link:      0
            Info:      0
            AddrAlign: 0x0000000000000008
            EntSize:   0x0000000000000008
          - N:         17
            Name:      169
            Type:      SHT_EXT 15
            Flags:     0x0000000000000003
            Addr:      0x000000000002fc08
            Offset:    0x000000000001fc08
            Size:      0x0000000000000008
            Link:      0
            Info:      0
            AddrAlign: 0x0000000000000008
            EntSize:   0x0000000000000008
          - N:         18
            Name:      181
            Type:      SHT_PROGBITS
            Flags:     0x0000000000000003
            Addr:      0x000000000002fc10
            Offset:    0x000000000001fc10
            Size:      0x00000000000000f0
            Link:      0
            Info:      0
            AddrAlign: 0x0000000000000008
            EntSize:   0x0000000000000000
          - N:         19
            Name:      194
            Type:      SHT_DYNAMIC
            Flags:     0x0000000000000003
            Addr:      0x000000000002fd00
            Offset:    0x000000000001fd00
            Size:      0x0000000000000200
            Link:      5
            Info:      0
            AddrAlign: 0x0000000000000008
            EntSize:   0x0000000000000010
          - N:         20
            Name:      203
            Type:      SHT_PROGBITS
            Flags:     0x0000000000000003
            Addr:      0x000000000002ff00
            Offset:    0x000000000001ff00
            Size:      0x00000000000000e8
            Link:      0
            Info:      0
            AddrAlign: 0x0000000000000100
            EntSize:   0x0000000000000008
          - N:         21
            Name:      102
            Type:      SHT_NOBITS
            Flags:     0x0000000000000003
            Addr:      0x0000000000030000
            Offset:    0x000000000001ffe8
            Size:      0x0000000000000270
            Link:      0
            Info:      0
            AddrAlign: 0x0000000000000008
            EntSize:   0x0000000000000008
          - N:         22
            Name:      208
            Type:      SHT_PROGBITS
            Flags:     0x0000000000000003
            Addr:      0x0000000000030270
            Offset:    0x0000000000020270
            Size:      0x0000000000000118
            Link:      0
            Info:      0
            AddrAlign: 0x0000000000000008
            EntSize:   0x0000000000000000
          - N:         23
            Name:      214
            Type:      SHT_NOBITS
            Flags:     0x0000000000000003
            Addr:      0x0000000000030388
            Offset:    0x0000000000020388
            Size:      0x0000000000000410
            Link:      0
            Info:      0
            AddrAlign: 0x0000000000000008
            EntSize:   0x0000000000000000
          - N:         24
            Name:      219
            Type:      SHT_EXT 1879048181
            Flags:     0x0000000000000000
            Addr:      0x0000000000000000
            Offset:    0x0000000000020388
            Size:      0x0000000000000010
            Link:      0
            Info:      0
            AddrAlign: 0x0000000000000001
            EntSize:   0x0000000000000000
          - N:         25
            Name:      1
            Type:      SHT_STRTAB
            Flags:     0x0000000000000000
            Addr:      0x0000000000000000
            Offset:    0x0000000000020398
            Size:      0x00000000000000eb
            Link:      0
            Info:      0
            AddrAlign: 0x0000000000000001
            EntSize:   0x0000000000000000
Segments: - N:        0
            Type:     PT_PHDR
            Flags:    0x00000004
            Offset:   0x0000000000000040
            VirtAddr: 0x0000000000000040
            PhysAddr: 0x0000000000000040
            FileSize: 0x00000000000001f8
            MemSize:  0x00000000000001f8
            Align:    0x0000000000000008
          - N:        1
            Type:     PT_INTERP
            Flags:    0x00000004
            Offset:   0x0000000000000238
            VirtAddr: 0x0000000000000238
            PhysAddr: 0x0000000000000238
            FileSize: 0x0000000000000011
            MemSize:  0x0000000000000011
            Align:    0x0000000000000001
          - N:        2
            Type:     PT_LOAD
            Flags:    0x00000005
            Offset:   0x0000000000000000
            VirtAddr: 0x0000000000000000
            PhysAddr: 0x0000000000000000
            FileSize: 0x00000000000154a8
            MemSize:  0x00000000000154a8
            Align:    0x0000000000010000
          - N:        3
            Type:     PT_LOAD
            Flags:    0x00000006
            Offset:   0x000000000001fc00
            VirtAddr: 0x000000000002fc00
            PhysAddr: 0x000000000002fc00
            FileSize: 0x0000000000000788
            MemSize:  0x0000000000000b98
            Align:    0x0000000000010000
          - N:        4
            Type:     PT_DYNAMIC
            Flags:    0x00000006
            Offset:   0x000000000001fd00
            VirtAddr: 0x000000000002fd00
            PhysAddr: 0x000000000002fd00
            FileSize: 0x0000000000000200
            MemSize:  0x0000000000000200
            Align:    0x0000000000000008
          - N:        5
            Type:     PT_NOTE
            Flags:    0x00000004
            Offset:   0x000000000000024c
            VirtAddr: 0x000000000000024c
            PhysAddr: 0x000000000000024c
            FileSize: 0x0000000000000020
            MemSize:  0x0000000000000020
            Align:    0x0000000000000004
          - N:        6
            Type:     PT_EXT 1685382480
            Flags:    0x00000004
            Offset:   0x000000000001353c
            VirtAddr: 0x000000000001353c
            PhysAddr: 0x000000000001353c
            FileSize: 0x0000000000000464
            MemSize:  0x0000000000000464
            Align:    0x0000000000000004
          - N:        7
            Type:     PT_EXT 1685382481
            Flags:    0x00000006
            Offset:   0x0000000000000000
            VirtAddr: 0x0000000000000000
            PhysAddr: 0x0000000000000000
            FileSize: 0x0000000000000000
            MemSize:  0x0000000000000000
            Align:    0x0000000000000010
          - N:        8
            Type:     PT_EXT 1685382482
            Flags:    0x00000004
            Offset:   0x000000000001fc00
            VirtAddr: 0x000000000002fc00
            PhysAddr: 0x000000000002fc00
            FileSize: 0x0000000000000400
            MemSize:  0x0000000000000400
            Align:    0x0000000000000001