   - 0x00000000 P PT_EXT 1685382481 [PF_W,PF_R]
 ┌── 0x00000000 P PT_LOAD [PF_X,PF_R]
 │ ┎ 0x00000000 H
 │ ┖ 0x0000003f
 │┌─ 0x00000040 P PT_PHDR [PF_R]
 ││┎ 0x00000040 PT (9)
 ││┖ 0x00000237
 │└─ 0x00000237
 │┌─ 0x00000238 P PT_INTERP [PF_R]
 ││╓ 0x00000238 S1 ".interp" SHT_PROGBITS [SHF_ALLOC]
 ││╙ 0x00000248
 │└─ 0x00000248
 │┌─ 0x0000024c P PT_NOTE [PF_R]
 ││╓ 0x0000024c S2 ".note.ABI-tag" SHT_NOTE [SHF_ALLOC]
 ││╙ 0x0000026b
 │└─ 0x0000026b
 │ ╓ 0x00000270 S3 ".gnu.hash" SHT_EXT 1879048182 [SHF_ALLOC]
 │ ╙ 0x0000028b
 │ ╓ 0x00000290 S4 ".dynsym" SHT_DYNSYM [SHF_ALLOC]
 │ ╙ 0x00000ae7
 │ ╓ 0x00000ae8 S5 ".dynstr" SHT_STRTAB [SHF_ALLOC]
 │ ╙ 0x00000e94
 │ ╓ 0x00000e96 S6 ".gnu.version" SHT_EXT 1879048191 [SHF_ALLOC]
 │ ╙ 0x00000f47
 │ ╓ 0x00000f48 S7 ".gnu.version_r" SHT_EXT 1879048190 [SHF_ALLOC]
 │ ╙ 0x00000f67
 │ ╓ 0x00000f68 S8 ".rela.dyn" SHT_RELA [SHF_ALLOC]
 │ ╙ 0x00001567
 │ ╓ 0x00001568 S9 ".rela.plt" SHT_RELA [SHF_ALLOC,SHF_EXT 64]
 │ ╙ 0x00001c87
 │ ╓ 0x00001ca0 S10 ".init" SHT_PROGBITS [SHF_ALLOC,SHF_EXECINSTR]
 │ ╙ 0x00001cfb
 │ ╓ 0x00001d00 S11 ".text" SHT_PROGBITS [SHF_ALLOC,SHF_EXECINSTR]
 │ ╙ 0x00011187
 │ ╓ 0x00011188 S12 ".fini" SHT_PROGBITS [SHF_ALLOC,SHF_EXECINSTR]
 │ ╙ 0x000111ab
 │ ╓ 0x000111b0 S13 ".rodata" SHT_PROGBITS [SHF_ALLOC]
 │ ╙ 0x0001353b
 │┌─ 0x0001353c P PT_EXT 1685382480 [PF_R]
 ││╓ 0x0001353c S14 ".eh_frame_hdr" SHT_PROGBITS [SHF_ALLOC]
 ││╙ 0x0001399f
 │└─ 0x0001399f
 │ ╓ 0x000139a0 S15 ".eh_frame" SHT_PROGBITS [SHF_ALLOC]
 │ ╙ 0x000154a7
 └── 0x000154a7
┌─── 0x0001fc00 P PT_LOAD [PF_W,PF_R]
│┌── 0x0001fc00 P PT_EXT 1685382482 [PF_R]
││ ╓ 0x0001fc00 S16 ".init_array" SHT_EXT 14 [SHF_WRITE,SHF_ALLOC]
││ ╙ 0x0001fc07
││ ╓ 0x0001fc08 S17 ".fini_array" SHT_EXT 15 [SHF_WRITE,SHF_ALLOC]
││ ╙ 0x0001fc0f
││ ╓ 0x0001fc10 S18 ".data.rel.ro" SHT_PROGBITS [SHF_WRITE,SHF_ALLOC]
││ ╙ 0x0001fcff
││┌─ 0x0001fd00 P PT_DYNAMIC [PF_W,PF_R]
│││╓ 0x0001fd00 S19 ".dynamic" SHT_DYNAMIC [SHF_WRITE,SHF_ALLOC]
│││╙ 0x0001feff
││└─ 0x0001feff
││ ╓ 0x0001ff00 S20 ".got" SHT_PROGBITS [SHF_WRITE,SHF_ALLOC]
││ ╙ 0x0001ffe7
││ - 0x0001ffe8 S21 ".plt" SHT_NOBITS [SHF_WRITE,SHF_ALLOC]
│└── 0x0001ffff
│  ╓ 0x00020270 S22 ".data" SHT_PROGBITS [SHF_WRITE,SHF_ALLOC]
│  ╙ 0x00020387
└─── 0x00020387
   - 0x00020388 S23 ".bss" SHT_NOBITS [SHF_WRITE,SHF_ALLOC]
   ╓ 0x00020388 S24 ".gnu.attributes" SHT_EXT 1879048181 []
   ╙ 0x00020397
   ╓ 0x00020398 S25 ".shstrtab" SHT_STRTAB []
   ╙ 0x00020482
   ┎ 0x00020488 ST (26)
   ┖ 0x00020b07