   - 0x00000000 P PT_EXT 1685382481 [PF_W,PF_R]
 ┌── 0x00000000 P PT_LOAD [PF_X,PF_R]
 │ ┎ 0x00000000 H
 │ ┖ 0x0000003f
 │ ┎ 0x00000040 PT (6)
 │ ┖ 0x0000018f
 │ ╓ 0x00000190 S1 ".gnu.hash" SHT_EXT 1879048182 [SHF_ALLOC]
 │ ╙ 0x000004bb
 │ ╓ 0x000004c0 S2 ".dynsym" SHT_DYNSYM [SHF_ALLOC]
 │ ╙ 0x00000d5f
 │ ╓ 0x00000d60 S3 ".dynstr" SHT_STRTAB [SHF_ALLOC]
 │ ╙ 0x0000148e
 │ ╓ 0x00001490 S4 ".gnu.version" SHT_EXT 1879048191 [SHF_ALLOC]
 │ ╙ 0x00001547
 │ ╓ 0x00001548 S5 ".gnu.version_r" SHT_EXT 1879048190 [SHF_ALLOC]
 │ ╙ 0x00001577
 │ ╓ 0x00001578 S6 ".rela.dyn" SHT_RELA [SHF_ALLOC]
 │ ╙ 0x000031f7
 │ ╓ 0x000031f8 S7 ".rela.plt" SHT_RELA [SHF_ALLOC,SHF_EXT 64]
 │ ╙ 0x00003407
 │ ╓ 0x00003420 S8 ".init" SHT_PROGBITS [SHF_ALLOC,SHF_EXECINSTR]
 │ ╙ 0x0000347b
 │ ╓ 0x00003480 S9 ".text" SHT_PROGBITS [SHF_ALLOC,SHF_EXECINSTR]
 │ ╙ 0x000282a7
 │ ╓ 0x000282a8 S10 ".fini" SHT_PROGBITS [SHF_ALLOC,SHF_EXECINSTR]
 │ ╙ 0x000282cb
 │ ╓ 0x000282d0 S11 ".rodata" SHT_PROGBITS [SHF_ALLOC]
 │ ╙ 0x00029380
 │┌─ 0x00029384 P PT_EXT 1685382480 [PF_R]
 ││╓ 0x00029384 S12 ".eh_frame_hdr" SHT_PROGBITS [SHF_ALLOC]
 ││╙ 0x00029c8f
 │└─ 0x00029c8f
 │ ╓ 0x00029c90 S13 ".eh_frame" SHT_PROGBITS [SHF_ALLOC]
 │ ╙ 0x0002de8f
 └── 0x0002de8f
┌─── 0x0002e230 P PT_LOAD [PF_W,PF_R]
│┌── 0x0002e230 P PT_EXT 1685382482 [PF_R]
││ ╓ 0x0002e230 S14 ".init_array" SHT_EXT 14 [SHF_WRITE,SHF_ALLOC]
││ ╙ 0x0002e237
││ ╓ 0x0002e238 S15 ".fini_array" SHT_EXT 15 [SHF_WRITE,SHF_ALLOC]
││ ╙ 0x0002e23f
││ ╓ 0x0002e240 S16 ".data.rel.ro" SHT_PROGBITS [SHF_WRITE,SHF_ALLOC]
││ ╙ 0x0002fd0f
││┌─ 0x0002fd10 P PT_DYNAMIC [PF_W,PF_R]
│││╓ 0x0002fd10 S17 ".dynamic" SHT_DYNAMIC [SHF_WRITE,SHF_ALLOC]
│││╙ 0x0002feff
││└─ 0x0002feff
││ ╓ 0x0002ff00 S18 ".got" SHT_PROGBITS [SHF_WRITE,SHF_ALLOC]
││ ╙ 0x0002ff47
││ - 0x0002ff48 S19 ".plt" SHT_NOBITS [SHF_WRITE,SHF_ALLOC]
│└── 0x0002ffff
│  ╓ 0x000300c0 S20 ".data" SHT_PROGBITS [SHF_WRITE,SHF_ALLOC]
│  ╙ 0x000300c7
└─── 0x000300c7
   - 0x000300c8 S21 ".bss" SHT_NOBITS [SHF_WRITE,SHF_ALLOC]
   ╓ 0x000300c8 S22 ".shstrtab" SHT_STRTAB []
   ╙ 0x0003018c
   ┎ 0x00030190 ST (23)
   ┖ 0x0003074f