Header:   Class:      ELFCLASS64
          Data:       ELFDATA2LSB
          OSABI:      ELFOSABI_SYSV
          ABIVersion: 0
          Type:       ET_DYN
          Machine:    EM_PPC64
          Entry:      0x0000000000003480
          PhOff:      0x0000000000000040
          ShOff:      0x0000000000030190
          Flags:      0x00000002
          PhEntSize:  0x0038
          PhNum:      6
          ShEntSize:  0x0040
          ShNum:      23
          ShStrNdx:   22
Sections: - N:         0
            Name:      0
            Type:      SHT_NULL
            Flags:     0x0000000000000000
            Addr:      0x0000000000000000
            Offset:    0x0000000000000000
            Size:      0x0000000000000000
            Link:      0
            Info:      0
            AddrAlign: 0x0000000000000000
            EntSize:   0x0000000000000000
          - N:         1
            Name:      11
            Type:      SHT_EXT 1879048182
            Flags:     0x0000000000000002
            Addr:      0x0000000000000190
            Offset:    0x0000000000000190
            Size:      0x000000000000032c
            Link:      2
            Info:      0
            AddrAlign: 0x0000000000000008
            EntSize:   0x0000000000000000
          - N:         2
            Name:      21
            Type:      SHT_DYNSYM
            Flags:     0x0000000000000002
            Addr:      0x00000000000004c0
            Offset:    0x00000000000004c0
            Size:      0x00000000000008a0
            Link:      3
            Info:      3
            AddrAlign: 0x0000000000000008
            EntSize:   0x0000000000000018
          - N:         3
            Name:      29
            Type:      SHT_STRTAB
            Flags:     0x0000000000000002
            Addr:      0x0000000000000d60
            Offset:    0x0000000000000d60
            Size:      0x000000000000072f
            Link:      0
            Info:      0
            AddrAlign: 0x0000000000000001
            EntSize:   0x0000000000000000
          - N:         4
            Name:      37
            Type:      SHT_EXT 1879048191
            Flags:     0x0000000000000002
            Addr:      0x0000000000001490
            Offset:    0x0000000000001490
            Size:      0x00000000000000b8
            Link:      2
            Info:      0
            AddrAlign: 0x0000000000000002
            EntSize:   0x0000000000000002
          - N:         5
            Name:      50
            Type:      SHT_EXT 1879048190
            Flags:     0x0000000000000002
            Addr:      0x0000000000001548
            Offset:    0x0000000000001548
            Size:      0x0000000000000030
            Link:      3
            Info:      1
            AddrAlign: 0x0000000000000008
            EntSize:   0x0000000000000000
          - N:         6
            Name:      65
            Type:      SHT_RELA
            Flags:     0x0000000000000002
            Addr:      0x0000000000001578
            Offset:    0x0000000000001578
            Size:      0x0000000000001c80
            Link:      2
            Info:      0
            AddrAlign: 0x0000000000000008
            EntSize:   0x0000000000000018
          - N:         7
            Name:      75
            Type:      SHT_RELA
            Flags:     0x0000000000000042
            Addr:      0x00000000000031f8
            Offset:    0x00000000000031f8
            Size:      0x0000000000000210
            Link:      2
            Info:      19
            AddrAlign: 0x0000000000000008
            EntSize:   0x0000000000000018
          - N:         8
            Name:      85
            Type:      SHT_PROGBITS
            Flags:     0x0000000000000006
            Addr:      0x0000000000003420
            Offset:    0x0000000000003420
            Size:      0x000000000000005c
            Link:      0
            Info:      0
            AddrAlign: 0x0000000000000020
            EntSize:   0x0000000000000000
          - N:         9
            Name:      91
            Type:      SHT_PROGBITS
            Flags:     0x0000000000000006
            Addr:      0x0000000000003480
            Offset:    0x0000000000003480
            Size:      0x0000000000024e28
            Link:      0
            Info:      0
            AddrAlign: 0x0000000000000020
            EntSize:   0x0000000000000000
          - N:         10
            Name:      97
            Type:      SHT_PROGBITS
            Flags:     0x0000000000000006
            Addr:      0x00000000000282a8
            Offset:    0x00000000000282a8
            Size:      0x0000000000000024
            Link:      0
            Info:      0
            AddrAlign: 0x0000000000000004
            EntSize:   0x0000000000000000
          - N:         11
            Name:      103
            Type:      SHT_PROGBITS
            Flags:     0x0000000000000002
            Addr:      0x00000000000282d0
            Offset:    0x00000000000282d0
            Size:      0x00000000000010b1
            Link:      0
            Info:      0
            AddrAlign: 0x0000000000000008
            EntSize:   0x0000000000000000
          - N:         12
            Name:      111
            Type:      SHT_PROGBITS
            Flags:     0x0000000000000002
            Addr:      0x0000000000029384
            Offset:    0x0000000000029384
            Size:      0x000000000000090c
            Link:      0
            Info:      0
            AddrAlign: 0x0000000000000004
            EntSize:   0x0000000000000000
          - N:         13
            Name:      125
            Type:      SHT_PROGBITS
            Flags:     0x0000000000000002
            Addr:      0x0000000000029c90
            Offset:    0x0000000000029c90
            Size:      0x0000000000004200
            Link:      0
            Info:      0
            AddrAlign: 0x0000000000000004
            EntSize:   0x0000000000000000
          - N:         14
            Name:      135
            Type:      SHT_EXT 14
            Flags:     0x0000000000000003
            Addr:      0x000000000003e230
            Offset:    0x000000000002e230
            Size:      0x0000000000000008
            Link:      0
            Info:      0
            AddrAlign: 0x0000000000000008
            EntSize:   0x0000000000000008
          - N:         15
            Name:      147
            Type:      SHT_EXT 15
            Flags:     0x0000000000000003
            Addr:      0x000000000003e238
            Offset:    0x000000000002e238
            Size:      0x0000000000000008
            Link:      0
            Info:      0
            AddrAlign: 0x0000000000000008
            EntSize:   0x0000000000000008
          - N:         16
            Name:      159
            Type:      SHT_PROGBITS
            Flags:     0x0000000000000003
            Addr:      0x000000000003e240
            Offset:    0x000000000002e240
            Size:      0x0000000000001ad0
            Link:      0
            Info:      0
            AddrAlign: 0x0000000000000008
            EntSize:   0x0000000000000000
          - N:         17
            Name:      172
            Type:      SHT_DYNAMIC
            Flags:     0x0000000000000003
            Addr:      0x000000000003fd10
            Offset:    0x000000000002fd10
            Size:      0x00000000000001f0
            Link:      3
            Info:      0
            AddrAlign: 0x0000000000000008
            EntSize:   0x0000000000000010
          - N:         18
            Name:      181
            Type:      SHT_PROGBITS
            Flags:     0x0000000000000003
            Addr:      0x000000000003ff00
            Offset:    0x000000000002ff00
            Size:      0x0000000000000048
            Link:      0
            Info:      0
            AddrAlign: 0x0000000000000100
            EntSize:   0x0000000000000008
          - N:         19
            Name:      80
            Type:      SHT_NOBITS
            Flags:     0x0000000000000003
            Addr:      0x0000000000040000
            Offset:    0x000000000002ff48
            Size:      0x00000000000000c0
            Link:      0
            Info:      0
            AddrAlign: 0x0000000000000008
            EntSize:   0x0000000000000008
          - N:         20
            Name:      186
            Type:      SHT_PROGBITS
            Flags:     0x0000000000000003
            Addr:      0x00000000000400c0
            Offset:    0x00000000000300c0
            Size:      0x0000000000000008
            Link:      0
            Info:      0
            AddrAlign: 0x0000000000000008
            EntSize:   0x0000000000000000
          - N:         21
            Name:      192
            Type:      SHT_NOBITS
            Flags:     0x0000000000000003
            Addr:      0x00000000000400c8
            Offset:    0x00000000000300c8
            Size:      0x0000000000000008
            Link:      0
            Info:      0
            AddrAlign: 0x0000000000000001
            EntSize:   0x0000000000000000
          - N:         22
            Name:      1
            Type:      SHT_STRTAB
            Flags:     0x0000000000000000
            Addr:      0x0000000000000000
            Offset:    0x00000000000300c8
            Size:      0x00000000000000c5
            Link:      0
            Info:      0
            AddrAlign: 0x0000000000000001
            EntSize:   0x0000000000000000
Segments: - N:        0
            Type:     PT_LOAD
            Flags:    0x00000005
            Offset:   0x0000000000000000
            VirtAddr: 0x0000000000000000
            PhysAddr: 0x0000000000000000
            FileSize: 0x000000000002de90
            MemSize:  0x000000000002de90
            Align:    0x0000000000010000
          - N:        1
            Type:     PT_LOAD
            Flags:    0x00000006
            Offset:   0x000000000002e230
            VirtAddr: 0x000000000003e230
            PhysAddr: 0x000000000003e230
            FileSize: 0x0000000000001e98
            MemSize:  0x0000000000001ea0
            Align:    0x0000000000010000
          - N:        2
            Type:     PT_DYNAMIC
            Flags:    0x00000006
            Offset:   0x000000000002fd10
            VirtAddr: 0x000000000003fd10
            PhysAddr: 0x000000000003fd10
            FileSize: 0x00000000000001f0
            MemSize:  0x00000000000001f0
            Align:    0x0000000000000008
          - N:        3
            Type:     PT_EXT 1685382480
            Flags:    0x00000004
            Offset:   0x0000000000029384
            VirtAddr: 0x0000000000029384
            PhysAddr: 0x0000000000029384
            FileSize: 0x000000000000090c
            MemSize:  0x000000000000090c
            Align:    0x0000000000000004
          - N:        4
            Type:     PT_EXT 1685382481
            Flags:    0x00000006
            Offset:   0x0000000000000000
            VirtAddr: 0x0000000000000000
            PhysAddr: 0x0000000000000000
            FileSize: 0x0000000000000000
            MemSize:  0x0000000000000000
            Align:    0x0000000000000010
          - N:        5
            Type:     PT_EXT 1685382482
            Flags:    0x00000004
            Offset:   0x000000000002e230
            VirtAddr: 0x000000000003e230
            PhysAddr: 0x000000000003e230
            FileSize: 0x0000000000001dd0
            MemSize:  0x0000000000001dd0
            Align:    0x0000000000000001