   - 0x00000000 P PT_EXT 1685382481 [PF_W,PF_R]
 ┌── 0x00000000 P PT_LOAD [PF_X,PF_R]
 │ ┎ 0x00000000 H
 │ ┖ 0x00000033
 │┌─ 0x00000034 P PT_PHDR [PF_R]
 ││┎ 0x00000034 PT (9)
 ││┖ 0x00000153
 │└─ 0x00000153
 │┌─ 0x00000154 P PT_INTERP [PF_R]
 ││╓ 0x00000154 S1 ".interp" SHT_PROGBITS [SHF_ALLOC]
 ││╙ 0x00000160
 │└─ 0x00000160
 │┌─ 0x00000164 P PT_NOTE [PF_R]
 ││╓ 0x00000164 S2 ".note.ABI-tag" SHT_NOTE [SHF_ALLOC]
 ││╙ 0x00000183
 │└─ 0x00000183
 │ ╓ 0x00000184 S3 ".gnu.hash" SHT_EXT 1879048182 [SHF_ALLOC]
 │ ╙ 0x000001a3
 │ ╓ 0x000001a4 S4 ".dynsym" SHT_DYNSYM [SHF_ALLOC]
 │ ╙ 0x00000a93
 │ ╓ 0x00000a94 S5 ".dynstr" SHT_STRTAB [SHF_ALLOC]
 │ ╙ 0x000010dd
 │ ╓ 0x000010de S6 ".gnu.version" SHT_EXT 1879048191 [SHF_ALLOC]
 │ ╙ 0x000011fb
 │ ╓ 0x000011fc S7 ".gnu.version_r" SHT_EXT 1879048190 [SHF_ALLOC]
 │ ╙ 0x0000131b
 │ ╓ 0x0000131c S8 ".rela.dyn" SHT_RELA [SHF_ALLOC]
 │ ╙ 0x0000269b
 │ ╓ 0x0000269c S9 ".rela.plt" SHT_RELA [SHF_ALLOC,SHF_EXT 64]
 │ ╙ 0x00002ca7
 │ ╓ 0x00002ca8 S10 ".init" SHT_PROGBITS [SHF_ALLOC,SHF_EXECINSTR]
 │ ╙ 0x00002ceb
 │ ╓ 0x00002cf0 S11 ".text" SHT_PROGBITS [SHF_ALLOC,SHF_EXECINSTR]
 │ ╙ 0x0001a8bf
 │ ╓ 0x0001a8c0 S12 ".fini" SHT_PROGBITS [SHF_ALLOC,SHF_EXECINSTR]
 │ ╙ 0x0001a8eb
 │ ╓ 0x0001a8ec S13 ".rodata" SHT_PROGBITS [SHF_ALLOC]
 │ ╙ 0x0001e19f
 │┌─ 0x0001e1a0 P PT_EXT 1685382480 [PF_R]
 ││╓ 0x0001e1a0 S14 ".eh_frame_hdr" SHT_PROGBITS [SHF_ALLOC]
 ││╙ 0x0001e9a3
 │└─ 0x0001e9a3
 │ ╓ 0x0001e9a4 S15 ".eh_frame" SHT_PROGBITS [SHF_ALLOC]
 │ ╙ 0x00022447
 └── 0x00022447
┌─── 0x0002f73c P PT_LOAD [PF_W,PF_R]
│┌── 0x0002f73c P PT_EXT 1685382482 [PF_R]
││ ╓ 0x0002f73c S16 ".init_array" SHT_EXT 14 [SHF_WRITE,SHF_ALLOC]
││ ╙ 0x0002f73f
││ ╓ 0x0002f740 S17 ".fini_array" SHT_EXT 15 [SHF_WRITE,SHF_ALLOC]
││ ╙ 0x0002f743
││ ╓ 0x0002f744 S18 ".data.rel.ro" SHT_PROGBITS [SHF_WRITE,SHF_ALLOC]
││ ╙ 0x0002f9bf
││ ╓ 0x0002f9c0 S19 ".got2" SHT_PROGBITS [SHF_WRITE,SHF_ALLOC]
││ ╙ 0x0002fee7
││┌─ 0x0002fee8 P PT_DYNAMIC [PF_W,PF_R]
│││╓ 0x0002fee8 S20 ".dynamic" SHT_DYNAMIC [SHF_WRITE,SHF_ALLOC]
│││╙ 0x0002ffef
││└─ 0x0002ffef
││ ╓ 0x0002fff0 S21 ".got" SHT_PROGBITS [SHF_WRITE,SHF_ALLOC]
││ ╙ 0x0002ffff
│└── 0x0002ffff
│  ╓ 0x00030000 S22 ".plt" SHT_PROGBITS [SHF_WRITE,SHF_ALLOC]
│  ╙ 0x00030203
│  ╓ 0x00030204 S23 ".data" SHT_PROGBITS [SHF_WRITE,SHF_ALLOC]
│  ╙ 0x0003029b
│  ╓ 0x0003029c S24 ".sdata" SHT_PROGBITS [SHF_WRITE,SHF_ALLOC]
│  ╙ 0x000302a7
└─── 0x000302a7
   - 0x000302a8 S25 ".sbss" SHT_NOBITS [SHF_WRITE,SHF_ALLOC]
   - 0x000302a8 S26 ".bss" SHT_NOBITS [SHF_WRITE,SHF_ALLOC]
   ╓ 0x000302a8 S27 ".gnu.attributes" SHT_EXT 1879048181 []
   ╙ 0x000302b9
   ╓ 0x000302ba S28 ".shstrtab" SHT_STRTAB []
   ╙ 0x000303b7
   ┎ 0x000303b8 ST (29)
   ┖ 0x0003083f