<>
<.bss>
<.data>
<.fini>
<.init>
<.note.GNU-stack>
<.shstrtab>
<.text>