Header:   Class:      ELFCLASS32
          Data:       ELFDATA2MSB
          OSABI:      ELFOSABI_SYSV
          ABIVersion: 0
          Type:       ET_REL
          Machine:    EM_PPC
          Entry:      0x00000000
          PhOff:      0x00000000
          ShOff:      0x00000358
          Flags:      0x00008000
          PhEntSize:  0x0000
          PhNum:      0
          ShEntSize:  0x0028
          ShNum:      14
          ShStrNdx:   13
Sections: - N:         0
            Name:      0
            Type:      SHT_NULL
            Flags:     0x00000000
            Addr:      0x00000000
            Offset:    0x00000000
            Size:      0x00000000
            Link:      0
            Info:      0
            AddrAlign: 0x00000000
            EntSize:   0x00000000
          - N:         1
            Name:      32
            Type:      SHT_PROGBITS
            Flags:     0x00000006
            Addr:      0x00000000
            Offset:    0x00000040
            Size:      0x000000ac
            Link:      0
            Info:      0
            AddrAlign: 0x00000010
            EntSize:   0x00000000
          - N:         2
            Name:      27
            Type:      SHT_RELA
            Flags:     0x00000040
            Addr:      0x00000000
            Offset:    0x00000294
            Size:      0x00000048
            Link:      11
            Info:      1
            AddrAlign: 0x00000004
            EntSize:   0x0000000c
          - N:         3
            Name:      38
            Type:      SHT_PROGBITS
            Flags:     0x00000003
            Addr:      0x00000000
            Offset:    0x000000ec
            Size:      0x00000000
            Link:      0
            Info:      0
            AddrAlign: 0x00000001
            EntSize:   0x00000000
          - N:         4
            Name:      44
            Type:      SHT_NOBITS
            Flags:     0x00000003
            Addr:      0x00000000
            Offset:    0x000000ec
            Size:      0x00000000
            Link:      0
            Info:      0
            AddrAlign: 0x00000001
            EntSize:   0x00000000
          - N:         5
            Name:      54
            Type:      SHT_PROGBITS
            Flags:     0x00000003
            Addr:      0x00000000
            Offset:    0x000000ec
            Size:      0x00000004
            Link:      0
            Info:      0
            AddrAlign: 0x00000004
            EntSize:   0x00000000
          - N:         6
            Name:      49
            Type:      SHT_RELA
            Flags:     0x00000040
            Addr:      0x00000000
            Offset:    0x000002dc
            Size:      0x0000000c
            Link:      11
            Info:      5
            AddrAlign: 0x00000004
            EntSize:   0x0000000c
          - N:         7
            Name:      60
            Type:      SHT_PROGBITS
            Flags:     0x00000030
            Addr:      0x00000000
            Offset:    0x000000f0
            Size:      0x00000021
            Link:      0
            Info:      0
            AddrAlign: 0x00000001
            EntSize:   0x00000001
          - N:         8
            Name:      69
            Type:      SHT_PROGBITS
            Flags:     0x00000000
            Addr:      0x00000000
            Offset:    0x00000111
            Size:      0x00000000
            Link:      0
            Info:      0
            AddrAlign: 0x00000001
            EntSize:   0x00000000
          - N:         9
            Name:      90
            Type:      SHT_PROGBITS
            Flags:     0x00000002
            Addr:      0x00000000
            Offset:    0x00000114
            Size:      0x00000050
            Link:      0
            Info:      0
            AddrAlign: 0x00000004
            EntSize:   0x00000000
          - N:         10
            Name:      85
            Type:      SHT_RELA
            Flags:     0x00000040
            Addr:      0x00000000
            Offset:    0x000002e8
            Size:      0x0000000c
            Link:      11
            Info:      9
            AddrAlign: 0x00000004
            EntSize:   0x0000000c
          - N:         11
            Name:      1
            Type:      SHT_SYMTAB
            Flags:     0x00000000
            Addr:      0x00000000
            Offset:    0x00000164
            Size:      0x000000d0
            Link:      12
            Info:      8
            AddrAlign: 0x00000004
            EntSize:   0x00000010
          - N:         12
            Name:      9
            Type:      SHT_STRTAB
            Flags:     0x00000000
            Addr:      0x00000000
            Offset:    0x00000234
            Size:      0x0000005e
            Link:      0
            Info:      0
            AddrAlign: 0x00000001
            EntSize:   0x00000000
          - N:         13
            Name:      17
            Type:      SHT_STRTAB
            Flags:     0x00000000
            Addr:      0x00000000
            Offset:    0x000002f4
            Size:      0x00000064
            Link:      0
            Info:      0
            AddrAlign: 0x00000001
            EntSize:   0x00000000
Segments: 