<>
<.bss>
<.data>
<.data.rel.ro>
<.dynamic>
<.dynstr>
<.dynsym>
<.eh_frame>
<.eh_frame_hdr>
<.gnu.attributes>
<.gnu.hash>
<.gnu.version>
<.gnu.version_d>
<.got>
<.rela.dyn>
<.rela.plt>
<.rodata>
<.sbss>
<.sdata>
<.shstrtab>
<.text>