<>
<.bss>
<.comment>
<.data>
<.debug_abbrev>
<.debug_aranges>
<.debug_frame>
<.debug_info>
<.debug_line>
<.debug_loc>
<.debug_ranges>
<.debug_str>
<.rodata>
<.sbss>
<.sdata>
<.shstrtab>
<.strtab>
<.symtab>
<.text>