Class:      ELFCLASS64
Data:       ELFDATA2LSB
OSABI:      ELFOSABI_SYSV
ABIVersion: 0
Type:       ET_EXEC
Machine:    EM_X86_64
Entry:      0x00000000004000e0
PhOff:      0x0000000000000040
ShOff:      0x0000000000000100
Flags:      0x00000000
PhEntSize:  0x0038
PhNum:      2
ShEntSize:  0x0040
ShNum:      3
ShStrNdx:   ElfSectionIndex 2