Class:      ELFCLASS64
Data:       ELFDATA2LSB
OSABI:      ELFOSABI_SYSV
ABIVersion: 0
Type:       ET_DYN
Machine:    EM_X86_64
Entry:      0x0000000000000970
PhOff:      0x0000000000000040
ShOff:      0x00000000000010d8
Flags:      0x00000000
PhEntSize:  0x0038
PhNum:      4
ShEntSize:  0x0040
ShNum:      17
ShStrNdx:   ElfSectionIndex 16